Archive member included to satisfy reference by file (symbol)

D:/Program Files (x86)/Arm GNU Toolchain arm-none-eabi/14.3 rel1/bin/../lib/gcc/arm-none-eabi/14.3.1/thumb/v8-m.main+fp/hard\libgcc.a(_arm_muldf3.o)
                              ./src/hal_entry.o (__aeabi_dmul)
D:/Program Files (x86)/Arm GNU Toolchain arm-none-eabi/14.3 rel1/bin/../lib/gcc/arm-none-eabi/14.3.1/thumb/v8-m.main+fp/hard\libgcc.a(_arm_addsubdf3.o)
                              ./src/hal_entry.o (__aeabi_dadd)
D:/Program Files (x86)/Arm GNU Toolchain arm-none-eabi/14.3 rel1/bin/../lib/gcc/arm-none-eabi/14.3.1/thumb/v8-m.main+fp/hard\libgcc.a(_arm_muldivdf3.o)
                              ./src/mpu6050.o (__aeabi_ddiv)
D:/Program Files (x86)/Arm GNU Toolchain arm-none-eabi/14.3 rel1/bin/../lib/gcc/arm-none-eabi/14.3.1/thumb/v8-m.main+fp/hard\libgcc.a(_arm_fixunsdfsi.o)
                              ./src/hal_entry.o (__aeabi_d2uiz)
D:/Program Files (x86)/Arm GNU Toolchain arm-none-eabi/14.3 rel1/bin/../lib/gcc/arm-none-eabi/14.3.1/thumb/v8-m.main+fp/hard\libgcc.a(_arm_truncdfsf2.o)
                              ./src/mpu6050.o (__aeabi_d2f)
D:/Program Files (x86)/Arm GNU Toolchain arm-none-eabi/14.3 rel1/bin/../lib/gcc/arm-none-eabi/14.3.1/thumb/v8-m.main+fp/hard\libgcc.a(_aeabi_ldivmod.o)
                              ./ra/fsp/src/r_sci_uart/r_sci_uart.o (__aeabi_ldivmod)
D:/Program Files (x86)/Arm GNU Toolchain arm-none-eabi/14.3 rel1/bin/../lib/gcc/arm-none-eabi/14.3.1/thumb/v8-m.main+fp/hard\libgcc.a(_udivmoddi4.o)
                              D:/Program Files (x86)/Arm GNU Toolchain arm-none-eabi/14.3 rel1/bin/../lib/gcc/arm-none-eabi/14.3.1/thumb/v8-m.main+fp/hard\libgcc.a(_aeabi_ldivmod.o) (__udivmoddi4)
D:/Program Files (x86)/Arm GNU Toolchain arm-none-eabi/14.3 rel1/bin/../lib/gcc/arm-none-eabi/14.3.1/thumb/v8-m.main+fp/hard\libgcc.a(_dvmd_tls.o)
                              D:/Program Files (x86)/Arm GNU Toolchain arm-none-eabi/14.3 rel1/bin/../lib/gcc/arm-none-eabi/14.3.1/thumb/v8-m.main+fp/hard\libgcc.a(_aeabi_ldivmod.o) (__aeabi_ldiv0)
D:/Program Files (x86)/Arm GNU Toolchain arm-none-eabi/14.3 rel1/bin/../lib/gcc/arm-none-eabi/14.3.1/../../../../arm-none-eabi/lib/thumb/v8-m.main+fp/hard\libg_nano.a(libc_a-exit.o)
                              D:/Program Files (x86)/Arm GNU Toolchain arm-none-eabi/14.3 rel1/bin/../lib/gcc/arm-none-eabi/14.3.1/../../../../arm-none-eabi/lib/thumb/v8-m.main+fp/hard/crt0.o (exit)
D:/Program Files (x86)/Arm GNU Toolchain arm-none-eabi/14.3 rel1/bin/../lib/gcc/arm-none-eabi/14.3.1/../../../../arm-none-eabi/lib/thumb/v8-m.main+fp/hard\libg_nano.a(libc_a-strtol.o)
                              ./src/minmea.o (strtol)
D:/Program Files (x86)/Arm GNU Toolchain arm-none-eabi/14.3 rel1/bin/../lib/gcc/arm-none-eabi/14.3.1/../../../../arm-none-eabi/lib/thumb/v8-m.main+fp/hard\libg_nano.a(libc_a-ctype_.o)
                              ./src/minmea.o (_ctype_)
D:/Program Files (x86)/Arm GNU Toolchain arm-none-eabi/14.3 rel1/bin/../lib/gcc/arm-none-eabi/14.3.1/../../../../arm-none-eabi/lib/thumb/v8-m.main+fp/hard\libg_nano.a(libc_a-findfp.o)
                              D:/Program Files (x86)/Arm GNU Toolchain arm-none-eabi/14.3 rel1/bin/../lib/gcc/arm-none-eabi/14.3.1/../../../../arm-none-eabi/lib/thumb/v8-m.main+fp/hard\libg_nano.a(libc_a-exit.o) (__stdio_exit_handler)
D:/Program Files (x86)/Arm GNU Toolchain arm-none-eabi/14.3 rel1/bin/../lib/gcc/arm-none-eabi/14.3.1/../../../../arm-none-eabi/lib/thumb/v8-m.main+fp/hard\libg_nano.a(libc_a-fwalk.o)
                              D:/Program Files (x86)/Arm GNU Toolchain arm-none-eabi/14.3 rel1/bin/../lib/gcc/arm-none-eabi/14.3.1/../../../../arm-none-eabi/lib/thumb/v8-m.main+fp/hard\libg_nano.a(libc_a-findfp.o) (_fwalk_sglue)
D:/Program Files (x86)/Arm GNU Toolchain arm-none-eabi/14.3 rel1/bin/../lib/gcc/arm-none-eabi/14.3.1/../../../../arm-none-eabi/lib/thumb/v8-m.main+fp/hard\libg_nano.a(libc_a-stdio.o)
                              D:/Program Files (x86)/Arm GNU Toolchain arm-none-eabi/14.3 rel1/bin/../lib/gcc/arm-none-eabi/14.3.1/../../../../arm-none-eabi/lib/thumb/v8-m.main+fp/hard\libg_nano.a(libc_a-findfp.o) (__sread)
D:/Program Files (x86)/Arm GNU Toolchain arm-none-eabi/14.3 rel1/bin/../lib/gcc/arm-none-eabi/14.3.1/../../../../arm-none-eabi/lib/thumb/v8-m.main+fp/hard\libg_nano.a(libc_a-vsnprintf.o)
                              ./src/mk_rtt.o (vsnprintf)
D:/Program Files (x86)/Arm GNU Toolchain arm-none-eabi/14.3 rel1/bin/../lib/gcc/arm-none-eabi/14.3.1/../../../../arm-none-eabi/lib/thumb/v8-m.main+fp/hard\libg_nano.a(libc_a-memset.o)
                              D:/Program Files (x86)/Arm GNU Toolchain arm-none-eabi/14.3 rel1/bin/../lib/gcc/arm-none-eabi/14.3.1/../../../../arm-none-eabi/lib/thumb/v8-m.main+fp/hard/crt0.o (memset)
D:/Program Files (x86)/Arm GNU Toolchain arm-none-eabi/14.3 rel1/bin/../lib/gcc/arm-none-eabi/14.3.1/../../../../arm-none-eabi/lib/thumb/v8-m.main+fp/hard\libg_nano.a(libc_a-closer.o)
[...]
Memory Configuration

Name             Origin             Length             Attributes
RAM              0x20000000         0x00080000         xrw
FLASH            0x00000000         0x00200000         xr
DATA_FLASH       0x08000000         0x00002000         xr
QSPI_FLASH       0x60000000         0x04000000         xr
OSPI0_CS0        0x68000000         0x08000000         xrw
OSPI0_CS1        0x70000000         0x10000000         xr
OPTION_SETTING_OFS0 0x0100a100         0x00000004         r
OPTION_SETTING_DUALSEL 0x0100a110         0x00000004         r
OPTION_SETTING_OFS1 0x0100a180         0x00000004         r
OPTION_SETTING_BANKSEL 0x0100a190         0x00000004         r
OPTION_SETTING_BPS 0x0100a1c0         0x00000010         r
OPTION_SETTING_PBPS 0x0100a1e0         0x00000010         r
OPTION_SETTING_OFS1_SEC 0x0100a200         0x00000004         r
OPTION_SETTING_BANKSEL_SEC 0x0100a210         0x00000004         r
OPTION_SETTING_BPS_SEC 0x0100a240         0x00000010         r
OPTION_SETTING_PBPS_SEC 0x0100a260         0x00000010         r
OPTION_SETTING_OFS1_SEL 0x0100a280         0x00000004         r
OPTION_SETTING_BANKSEL_SEL 0x0100a290         0x00000004         r
OPTION_SETTING_BPS_SEL 0x0100a2c0         0x00000010         r
*default*        0x00000000         0xffffffff

Linker script and memory map

LOAD D:/Program Files (x86)/Arm GNU Toolchain arm-none-eabi/14.3 rel1/bin/../lib/gcc/arm-none-eabi/14.3.1/thumb/v8-m.main+fp/hard/crti.o
LOAD D:/Program Files (x86)/Arm GNU Toolchain arm-none-eabi/14.3 rel1/bin/../lib/gcc/arm-none-eabi/14.3.1/thumb/v8-m.main+fp/hard/crtbegin.o
LOAD D:/Program Files (x86)/Arm GNU Toolchain arm-none-eabi/14.3 rel1/bin/../lib/gcc/arm-none-eabi/14.3.1/../../../../arm-none-eabi/lib/thumb/v8-m.main+fp/hard/crt0.o
START GROUP
LOAD ./src/OLED.o
LOAD ./src/SEGGER_RTT.o
LOAD ./src/SEGGER_RTT_printf.o
LOAD ./src/dmx_tof400c.o
LOAD ./src/hal_entry.o
LOAD ./src/minmea.o
LOAD ./src/mk_gps.o
LOAD ./src/mk_i2c.o
LOAD ./src/mk_pinctrl.o
LOAD ./src/mk_rtt.o
LOAD ./src/mpu6050.o
LOAD ./src/syscalls.o
LOAD ./ra_gen/common_data.o
LOAD ./ra_gen/hal_data.o
LOAD ./ra_gen/main.o
LOAD ./ra_gen/pin_data.o
LOAD ./ra_gen/vector_data.o
LOAD ./ra/fsp/src/r_sci_uart/r_sci_uart.o
LOAD ./ra/fsp/src/r_ioport/r_ioport.o
LOAD ./ra/fsp/src/r_icu/r_icu.o
LOAD ./ra/fsp/src/r_gpt/r_gpt.o
LOAD ./ra/fsp/src/r_adc/r_adc.o
LOAD ./ra/fsp/src/bsp/mcu/ra6m5/bsp_linker.o
LOAD ./ra/fsp/src/bsp/mcu/all/bsp_clocks.o
LOAD ./ra/fsp/src/bsp/mcu/all/bsp_common.o
LOAD ./ra/fsp/src/bsp/mcu/all/bsp_delay.o
LOAD ./ra/fsp/src/bsp/mcu/all/bsp_group_irq.o
LOAD ./ra/fsp/src/bsp/mcu/all/bsp_guard.o
LOAD ./ra/fsp/src/bsp/mcu/all/bsp_io.o
LOAD ./ra/fsp/src/bsp/mcu/all/bsp_ipc.o
LOAD ./ra/fsp/src/bsp/mcu/all/bsp_irq.o
LOAD ./ra/fsp/src/bsp/mcu/all/bsp_macl.o
LOAD ./ra/fsp/src/bsp/mcu/all/bsp_register_protection.o
LOAD ./ra/fsp/src/bsp/mcu/all/bsp_sbrk.o
LOAD ./ra/fsp/src/bsp/mcu/all/bsp_sdram.o
LOAD ./ra/fsp/src/bsp/mcu/all/bsp_security.o
LOAD ./ra/fsp/src/bsp/cmsis/Device/RENESAS/Source/startup.o
LOAD ./ra/fsp/src/bsp/cmsis/Device/RENESAS/Source/system.o
END GROUP
LOAD D:/Program Files (x86)/Arm GNU Toolchain arm-none-eabi/14.3 rel1/bin/../lib/gcc/arm-none-eabi/14.3.1/../../../../arm-none-eabi/lib/thumb/v8-m.main+fp/hard\libstdc++_nano.a
LOAD D:/Program Files (x86)/Arm GNU Toolchain arm-none-eabi/14.3 rel1/bin/../lib/gcc/arm-none-eabi/14.3.1/../../../../arm-none-eabi/lib/thumb/v8-m.main+fp/hard\libm.a
START GROUP
LOAD D:/Program Files (x86)/Arm GNU Toolchain arm-none-eabi/14.3 rel1/bin/../lib/gcc/arm-none-eabi/14.3.1/thumb/v8-m.main+fp/hard\libgcc.a
LOAD D:/Program Files (x86)/Arm GNU Toolchain arm-none-eabi/14.3 rel1/bin/../lib/gcc/arm-none-eabi/14.3.1/../../../../arm-none-eabi/lib/thumb/v8-m.main+fp/hard\libg_nano.a
LOAD D:/Program Files (x86)/Arm GNU Toolchain arm-none-eabi/14.3 rel1/bin/../lib/gcc/arm-none-eabi/14.3.1/../../../../arm-none-eabi/lib/thumb/v8-m.main+fp/hard\libc_nano.a
END GROUP
START GROUP
LOAD D:/Program Files (x86)/Arm GNU Toolchain arm-none-eabi/14.3 rel1/bin/../lib/gcc/arm-none-eabi/14.3.1/thumb/v8-m.main+fp/hard\libgcc.a
LOAD D:/Program Files (x86)/Arm GNU Toolchain arm-none-eabi/14.3 rel1/bin/../lib/gcc/arm-none-eabi/14.3.1/../../../../arm-none-eabi/lib/thumb/v8-m.main+fp/hard\libc_nano.a
END GROUP
LOAD D:/Program Files (x86)/Arm GNU Toolchain arm-none-eabi/14.3 rel1/bin/../lib/gcc/arm-none-eabi/14.3.1/thumb/v8-m.main+fp/hard/crtend.o
LOAD D:/Program Files (x86)/Arm GNU Toolchain arm-none-eabi/14.3 rel1/bin/../lib/gcc/arm-none-eabi/14.3.1/thumb/v8-m.main+fp/hard/crtn.o
                0x20000000                        RAM_START = 0x20000000
                0x00080000                        RAM_LENGTH = 0x80000
                0x00000000                        FLASH_START = 0x0
                0x00200000                        FLASH_LENGTH = 0x200000
                0x08000000                        DATA_FLASH_START = 0x8000000
                0x00002000                        DATA_FLASH_LENGTH = 0x2000
                0x60000000                        QSPI_FLASH_START = 0x60000000
                0x04000000                        QSPI_FLASH_LENGTH = 0x4000000
                0x68000000                        OSPI0_CS0_START = 0x68000000
                0x08000000                        OSPI0_CS0_LENGTH = 0x8000000
                0x70000000                        OSPI0_CS1_START = 0x70000000
                0x10000000                        OSPI0_CS1_LENGTH = 0x10000000
                0x0100a100                        OPTION_SETTING_OFS0_START = 0x100a100
                0x00000004                        OPTION_SETTING_OFS0_LENGTH = 0x4
                0x0100a110                        OPTION_SETTING_DUALSEL_START = 0x100a110
                0x00000004                        OPTION_SETTING_DUALSEL_LENGTH = 0x4
                0x0100a180                        OPTION_SETTING_OFS1_START = 0x100a180
                0x00000004                        OPTION_SETTING_OFS1_LENGTH = 0x4
                0x0100a190                        OPTION_SETTING_BANKSEL_START = 0x100a190
                0x00000004                        OPTION_SETTING_BANKSEL_LENGTH = 0x4
                0x0100a1c0                        OPTION_SETTING_BPS_START = 0x100a1c0
                0x00000010                        OPTION_SETTING_BPS_LENGTH = 0x10
                0x0100a1e0                        OPTION_SETTING_PBPS_START = 0x100a1e0
                0x00000010                        OPTION_SETTING_PBPS_LENGTH = 0x10
                0x0100a200                        OPTION_SETTING_OFS1_SEC_START = 0x100a200
                0x00000004                        OPTION_SETTING_OFS1_SEC_LENGTH = 0x4
                0x0100a210                        OPTION_SETTING_BANKSEL_SEC_START = 0x100a210
                0x00000004                        OPTION_SETTING_BANKSEL_SEC_LENGTH = 0x4
                0x0100a240                        OPTION_SETTING_BPS_SEC_START = 0x100a240
                0x00000010                        OPTION_SETTING_BPS_SEC_LENGTH = 0x10
                0x0100a260                        OPTION_SETTING_PBPS_SEC_START = 0x100a260
                0x00000010                        OPTION_SETTING_PBPS_SEC_LENGTH = 0x10
                0x0100a280                        OPTION_SETTING_OFS1_SEL_START = 0x100a280
                0x00000004                        OPTION_SETTING_OFS1_SEL_LENGTH = 0x4
                0x0100a290                        OPTION_SETTING_BANKSEL_SEL_START = 0x100a290
                0x00000004                        OPTION_SETTING_BANKSEL_SEL_LENGTH = 0x4
                0x0100a2c0                        OPTION_SETTING_BPS_SEL_START = 0x100a2c0
                0x00000010                        OPTION_SETTING_BPS_SEL_LENGTH = 0x10
START GROUP
LOAD D:/Program Files (x86)/Arm GNU Toolchain arm-none-eabi/14.3 rel1/bin/../lib/gcc/arm-none-eabi/14.3.1/thumb/v8-m.main+fp/hard\libgcc.a
LOAD D:/Program Files (x86)/Arm GNU Toolchain arm-none-eabi/14.3 rel1/bin/../lib/gcc/arm-none-eabi/14.3.1/../../../../arm-none-eabi/lib/thumb/v8-m.main+fp/hard\libc.a
LOAD D:/Program Files (x86)/Arm GNU Toolchain arm-none-eabi/14.3 rel1/bin/../lib/gcc/arm-none-eabi/14.3.1/../../../../arm-none-eabi/lib/thumb/v8-m.main+fp/hard\libm.a
END GROUP

.qspi_flash.startof
                0x60000000        0x0
                0x60000000                        __ddsc_QSPI_FLASH_START = .

.ospi0_cs0.startof
                0x68000000        0x0
                0x68000000                        __ddsc_OSPI0_CS0_START = .

__ospi0_cs0_from_qspi_flash$$
                0x68000000        0x0 load address 0x60000000
                0x68000000                        __ospi0_cs0_from_qspi_flash$$Base = .
                0x60000000                        __ospi0_cs0_from_qspi_flash$$Load = LOADADDR (__ospi0_cs0_from_qspi_flash$$)
 *(.ospi0_cs0_from_qspi_flash)
 *(.ospi0_cs0_code_from_qspi_flash)
                0x68000000                        __ospi0_cs0_from_qspi_flash$$Limit = .

.ram.startof    0x20000000        0x0
                0x20000000                        __ddsc_RAM_START = .

__ram_dtc_vector$$
                0x20000000        0x0
                0x20000000                        __ram_dtc_vector$$Base = .
 *(.fsp_dtc_vector_table)
                0x20000000                        __ram_dtc_vector$$Limit = .

__ram_from_qspi_flash$$
                0x20000000        0x0 load address 0x60000000
                0x20000000                        __ram_from_qspi_flash$$Base = .
                0x60000000                        __ram_from_qspi_flash$$Load = LOADADDR (__ram_from_qspi_flash$$)
 *(.ram_from_qspi_flash)
 *(.ram_code_from_qspi_flash)
                0x20000000                        __ram_from_qspi_flash$$Limit = .

__qspi_flash_readonly$$
                0x60000000        0x0
                0x60000000                        __qspi_flash_readonly$$Base = .
 *(.qspi_flash)
 *(.qspi_flash_code)
                0x60000000                        __qspi_flash_readonly$$Limit = .

__qspi_flash_noinit$$
                0x60000000        0x0
                0x60000000                        __qspi_flash_noinit$$Base = .
 *(.qspi_flash_noinit)
                0x60000000                        __qspi_flash_noinit$$Limit = .

.qspi_flash.endof
                0x60000000        0x0
                0x60000000                        __ddsc_QSPI_FLASH_END = .

.ospi0_cs1.startof
                0x70000000        0x0
                0x70000000                        __ddsc_OSPI0_CS1_START = .

__ospi0_cs0_from_ospi0_cs1$$
                0x68000000        0x0 load address 0x70000000
                0x68000000                        __ospi0_cs0_from_ospi0_cs1$$Base = .
                0x70000000                        __ospi0_cs0_from_ospi0_cs1$$Load = LOADADDR (__ospi0_cs0_from_ospi0_cs1$$)
 *(.ospi0_cs0_from_ospi0_cs1)
 *(.ospi0_cs0_code_from_ospi0_cs1)
                0x68000000                        __ospi0_cs0_from_ospi0_cs1$$Limit = .

__ram_from_ospi0_cs1$$
                0x20000000        0x0 load address 0x70000000
                0x20000000                        __ram_from_ospi0_cs1$$Base = .
                0x70000000                        __ram_from_ospi0_cs1$$Load = LOADADDR (__ram_from_ospi0_cs1$$)
 *(.ram_from_ospi0_cs1)
 *(.ram_code_from_ospi0_cs1)
                0x20000000                        __ram_from_ospi0_cs1$$Limit = .

__ospi0_cs1_readonly$$
                0x70000000        0x0
                0x70000000                        __ospi0_cs1_readonly$$Base = .
 *(.ospi0_cs1)
 *(.ospi0_cs1_code)
                0x70000000                        __ospi0_cs1_readonly$$Limit = .

__ospi0_cs1_noinit$$
                0x70000000        0x0
                0x70000000                        __ospi0_cs1_noinit$$Base = .
 *(.ospi0_cs1_noinit)
                0x70000000                        __ospi0_cs1_noinit$$Limit = .

.ospi0_cs1.endof
                0x70000000        0x0
                0x70000000                        __ddsc_OSPI0_CS1_END = .

.data_flash.startof
                0x08000000        0x0
                0x08000000                        __ddsc_DATA_FLASH_START = .

__ospi0_cs0_from_data_flash$$
                0x68000000        0x0 load address 0x08000000
                0x68000000                        __ospi0_cs0_from_data_flash$$Base = .
                0x08000000                        __ospi0_cs0_from_data_flash$$Load = LOADADDR (__ospi0_cs0_from_data_flash$$)
 *(.ospi0_cs0_from_data_flash)
 *(.ospi0_cs0_code_from_data_flash)
                0x68000000                        __ospi0_cs0_from_data_flash$$Limit = .

__ram_from_data_flash$$
                0x20000000        0x0 load address 0x08000000
                0x20000000                        __ram_from_data_flash$$Base = .
                0x08000000                        __ram_from_data_flash$$Load = LOADADDR (__ram_from_data_flash$$)
 *(.ram_from_data_flash)
 *(.ram_code_from_data_flash)
                0x20000000                        __ram_from_data_flash$$Limit = .

__data_flash_readonly$$
                0x08000000        0x0
                0x08000000                        __data_flash_readonly$$Base = .
 *(.data_flash)
 *(.data_flash_code)
                0x08000000                        __data_flash_readonly$$Limit = .

__data_flash_noinit$$
                0x08000000        0x0
                0x08000000                        __data_flash_noinit$$Base = .
 *(.data_flash_noinit)
                0x08000000                        __data_flash_noinit$$Limit = .

.data_flash.endof
                0x08000000        0x0
                0x08000000                        __ddsc_DATA_FLASH_END = .

.flash.startof  0x00000000        0x0
                0x00000000                        __ddsc_FLASH_START = .

__flash_vectors$$
                0x00000000       0x7c
                0x00000000                        __flash_vectors$$Base = .
                0x00000000                        _VECTORS = .
 *(.fixed_vectors)
 .fixed_vectors
                0x00000000       0x40 ./ra/fsp/src/bsp/cmsis/Device/RENESAS/Source/startup.o
                0x00000000                __Vectors
 *(.application_vectors)
 .application_vectors
                0x00000040       0x3c ./ra_gen/vector_data.o
                0x00000040                g_vector_table
                0x0000007c                        __flash_vectors$$Limit = .

__flash_noinit$$
                0x0000007c        0x0
                0x0000007c                        __flash_noinit$$Base = .
 *(.flash_noinit)
                0x0000007c                        __flash_noinit$$Limit = .

__ospi0_cs0_from_flash$$
                0x68000000        0x0 load address 0x0000007c
                0x68000000                        __ospi0_cs0_from_flash$$Base = .
                0x0000007c                        __ospi0_cs0_from_flash$$Load = LOADADDR (__ospi0_cs0_from_flash$$)
 *(.ospi0_cs0_from_flash)
 *(.ospi0_cs0_code_from_flash)
                0x68000000                        __ospi0_cs0_from_flash$$Limit = .

__ospi0_cs0_noinit_nocache$$
                0x68000000        0x0 load address 0x00000080
                0x68000000                        __ospi0_cs0_noinit_nocache$$Base = .
 *(.ospi0_cs0_noinit_nocache)
                0x68000000                        __ospi0_cs0_noinit_nocache$$Limit = .

__ospi0_cs0_zero_nocache$$
                0x68000000        0x0 load address 0x0000007c
                0x68000000                        __ospi0_cs0_zero_nocache$$Base = .
 *(.ospi0_cs0_nocache)
                0x68000000                        . = ALIGN (0x20)
                0x68000000                        __ospi0_cs0_zero_nocache$$Limit = .

__ospi0_cs0_noinit$$
                0x68000000        0x0 load address 0x0000007c
                0x68000000                        __ospi0_cs0_noinit$$Base = .
 *(.ospi0_cs0_noinit)
                0x68000000                        __ospi0_cs0_noinit$$Limit = .

__ospi0_cs0_zero$$
                0x68000000        0x0 load address 0x0000007c
                0x68000000                        __ospi0_cs0_zero$$Base = .
 *(.ospi0_cs0)
                0x68000000                        __ospi0_cs0_zero$$Limit = .

.ospi0_cs0.endof
                0x68000000        0x0
                0x68000000                        __ddsc_OSPI0_CS0_END = .

__ram_from_flash$$
                0x20000000       0xec load address 0x0000007c
                0x20000000                        __ram_from_flash$$Base = .
                0x0000007c                        __ram_from_flash$$Load = LOADADDR (__ram_from_flash$$)
 *(.ram_from_flash)
 *(.ram_code_from_flash)
 *(.data*)
 .data.VL51L1X_CONFIGURATION
                0x20000000       0x87 ./src/dmx_tof400c.o
                0x20000000                VL51L1X_CONFIGURATION
 *fill*         0x20000087        0x1 
 .data.count.1  0x20000088        0x4 ./src/hal_entry.o
 .data.distance
                0x2000008c        0x2 ./src/hal_entry.o
                0x2000008c                distance
 *fill*         0x2000008e        0x2 
 .data.g_uart6_baud_setting
                0x20000090        0x4 ./ra_gen/hal_data.o
                0x20000090                g_uart6_baud_setting
 .data.g_uart0_baud_setting
                0x20000094        0x4 ./ra_gen/hal_data.o
                0x20000094                g_uart0_baud_setting
 .data.g_uart9_baud_setting
                0x20000098        0x4 ./ra_gen/hal_data.o
                0x20000098                g_uart9_baud_setting
 .data._impure_ptr
                0x2000009c        0x4 D:/Program Files (x86)/Arm GNU Toolchain arm-none-eabi/14.3 rel1/bin/../lib/gcc/arm-none-eabi/14.3.1/../../../../arm-none-eabi/lib/thumb/v8-m.main+fp/hard\libg_nano.a(libc_a-impure.o)
                0x2000009c                _impure_ptr
 .data._impure_data
                0x200000a0       0x4c D:/Program Files (x86)/Arm GNU Toolchain arm-none-eabi/14.3 rel1/bin/../lib/gcc/arm-none-eabi/14.3.1/../../../../arm-none-eabi/lib/thumb/v8-m.main+fp/hard\libg_nano.a(libc_a-impure.o)
                0x200000a0                _impure_data
 *(vtable)
                0x200000ec                        __ram_from_flash$$Limit = .

.tm_clone_table
                0x200000ec        0x0 load address 0x00000168
 .tm_clone_table
                0x200000ec        0x0 D:/Program Files (x86)/Arm GNU Toolchain arm-none-eabi/14.3 rel1/bin/../lib/gcc/arm-none-eabi/14.3.1/thumb/v8-m.main+fp/hard/crtbegin.o
 .tm_clone_table
                0x200000ec        0x0 D:/Program Files (x86)/Arm GNU Toolchain arm-none-eabi/14.3 rel1/bin/../lib/gcc/arm-none-eabi/14.3.1/thumb/v8-m.main+fp/hard/crtend.o

.igot.plt       0x200000ec        0x0 load address 0x00000168
 .igot.plt      0x200000ec        0x0 D:/Program Files (x86)/Arm GNU Toolchain arm-none-eabi/14.3 rel1/bin/../lib/gcc/arm-none-eabi/14.3.1/thumb/v8-m.main+fp/hard/crtbegin.o

__ram_noinit_nocache$$
                0x20000100        0x0 load address 0x00000180
                0x20000100                        __ram_noinit_nocache$$Base = .
 *(.ram_noinit_nocache)
                0x20000100                        __ram_noinit_nocache$$Limit = .

__ram_zero_nocache$$
                0x200000ec       0x14 load address 0x00000168
                0x200000ec                        __ram_zero_nocache$$Base = .
 *(.ram_nocache)
                0x20000100                        . = ALIGN (0x20)
 *fill*         0x200000ec       0x14 
                0x20000100                        __ram_zero_nocache$$Limit = .

__ram_noinit$$  0x20000100      0x41c load address 0x00000168
                0x20000100                        __ram_noinit$$Base = .
 *(.bss.g_heap)
 *(.bss.g_main_stack)
 .bss.g_main_stack
                0x20000100      0x400 ./ra/fsp/src/bsp/cmsis/Device/RENESAS/Source/startup.o
                0x20000100                g_main_stack
 *(.ram_noinit)
 .ram_noinit    0x20000500       0x1c ./ra/fsp/src/bsp/mcu/all/bsp_clocks.o
 *(.noinit)
                0x2000051c                        __ram_noinit$$Limit = .

__ram_zero$$    0x20000520      0xa94 load address 0x00000168
                0x20000520                        __ram_zero$$Base = .
 *(.ram)
 *(.bss*)
 .bss.completed.1
                0x20000520        0x1 D:/Program Files (x86)/Arm GNU Toolchain arm-none-eabi/14.3 rel1/bin/../lib/gcc/arm-none-eabi/14.3.1/thumb/v8-m.main+fp/hard/crtbegin.o
 *fill*         0x20000521        0x3 
 .bss.object.0  0x20000524       0x18 D:/Program Files (x86)/Arm GNU Toolchain arm-none-eabi/14.3 rel1/bin/../lib/gcc/arm-none-eabi/14.3.1/thumb/v8-m.main+fp/hard/crtbegin.o
 .bss._acDownBuffer
                0x2000053c       0x10 ./src/SEGGER_RTT.o
 .bss._acUpBuffer
                0x2000054c      0x400 ./src/SEGGER_RTT.o
 .bss._SEGGER_RTT
                0x2000094c       0xa8 ./src/SEGGER_RTT.o
                0x2000094c                _SEGGER_RTT
 .bss.t.0       0x200009f4        0x4 ./src/hal_entry.o
 .bss.queue_index.2
                0x200009f8        0x4 ./src/hal_entry.o
 .bss.t.3       0x200009fc        0x4 ./src/hal_entry.o
 .bss.manual_mode
                0x20000a00        0x1 ./src/hal_entry.o
                0x20000a00                manual_mode
 .bss.led_state
                0x20000a01        0x1 ./src/hal_entry.o
                0x20000a01                led_state
 *fill*         0x20000a02        0x2 
 .bss.light_value
                0x20000a04        0x4 ./src/hal_entry.o
                0x20000a04                light_value
 .bss.is_approach
                0x20000a08        0x1 ./src/hal_entry.o
                0x20000a08                is_approach
 *fill*         0x20000a09        0x7 
 .bss.distance_queue
                0x20000a10       0x14 ./src/hal_entry.o
                0x20000a10                distance_queue
 .bss.tof400c_err
                0x20000a24        0x1 ./src/hal_entry.o
                0x20000a24                tof400c_err
 *fill*         0x20000a25        0x3 
 .bss.MPU_Result
                0x20000a28       0x1c ./src/hal_entry.o
                0x20000a28                MPU_Result
 .bss.key2_value
                0x20000a44        0x1 ./src/hal_entry.o
                0x20000a44                key2_value
 .bss.key1_value
                0x20000a45        0x1 ./src/hal_entry.o
                0x20000a45                key1_value
 *fill*         0x20000a46        0x2 
 .bss.press_time.0
                0x20000a48        0x4 ./src/mk_pinctrl.o
 .bss.press_time.1
                0x20000a4c        0x4 ./src/mk_pinctrl.o
 .bss.user_key2_value
                0x20000a50        0x1 ./src/mk_pinctrl.o
                0x20000a50                user_key2_value
 .bss.user_key1_value
                0x20000a51        0x1 ./src/mk_pinctrl.o
                0x20000a51                user_key1_value
 *fill*         0x20000a52        0x2 
 .bss.millis_count
                0x20000a54        0x4 ./src/mk_pinctrl.o
                0x20000a54                millis_count
 .bss.pRxPacket.0
                0x20000a58        0x1 ./src/mk_rtt.o
 .bss.RxState.1
                0x20000a59        0x1 ./src/mk_rtt.o
 .bss.pRxPacket.2
                0x20000a5a        0x1 ./src/mk_rtt.o
 .bss.RxState.3
                0x20000a5b        0x1 ./src/mk_rtt.o
 .bss.g_uart9_tx_busy
                0x20000a5c        0x1 ./src/mk_rtt.o
                0x20000a5c                g_uart9_tx_busy
 .bss.g_uart6_tx_busy
                0x20000a5d        0x1 ./src/mk_rtt.o
                0x20000a5d                g_uart6_tx_busy
 .bss.g_uart0_tx_busy
                0x20000a5e        0x1 ./src/mk_rtt.o
                0x20000a5e                g_uart0_tx_busy
 .bss.Serial9_RxFlag
                0x20000a5f        0x1 ./src/mk_rtt.o
                0x20000a5f                Serial9_RxFlag
 .bss.Serial9_RxPacket
                0x20000a60      0x200 ./src/mk_rtt.o
                0x20000a60                Serial9_RxPacket
 .bss.Serial6_RxFlag
                0x20000c60        0x1 ./src/mk_rtt.o
                0x20000c60                Serial6_RxFlag
 *fill*         0x20000c61        0x3 
 .bss.Serial6_RxPacket
                0x20000c64       0x80 ./src/mk_rtt.o
                0x20000c64                Serial6_RxPacket
 .bss.g_ioport_ctrl
                0x20000ce4        0x8 ./ra_gen/common_data.o
                0x20000ce4                g_ioport_ctrl
 .bss.g_external_irq7_ctrl
                0x20000cec       0x10 ./ra_gen/common_data.o
                0x20000cec                g_external_irq7_ctrl
 .bss.g_external_irq8_ctrl
                0x20000cfc       0x10 ./ra_gen/common_data.o
                0x20000cfc                g_external_irq8_ctrl
 .bss.g_uart6_ctrl
                0x20000d0c       0x30 ./ra_gen/hal_data.o
                0x20000d0c                g_uart6_ctrl
 .bss.g_timer0_ctrl
                0x20000d3c       0x20 ./ra_gen/hal_data.o
                0x20000d3c                g_timer0_ctrl
 .bss.g_adc0_ctrl
                0x20000d5c       0x24 ./ra_gen/hal_data.o
                0x20000d5c                g_adc0_ctrl
 .bss.g_uart0_ctrl
                0x20000d80       0x30 ./ra_gen/hal_data.o
                0x20000d80                g_uart0_ctrl
 .bss.g_uart9_ctrl
                0x20000db0       0x30 ./ra_gen/hal_data.o
                0x20000db0                g_uart9_ctrl
 .bss.g_bsp_group_irq_sources
                0x20000de0       0x40 ./ra/fsp/src/bsp/mcu/all/bsp_group_irq.o
                0x20000de0                g_bsp_group_irq_sources
 .bss.g_protect_pfswe_counter
                0x20000e20        0x4 ./ra/fsp/src/bsp/mcu/all/bsp_io.o
                0x20000e20                g_protect_pfswe_counter
 .bss.gp_renesas_isr_context
                0x20000e24       0x3c ./ra/fsp/src/bsp/mcu/all/bsp_irq.o
                0x20000e24                gp_renesas_isr_context
 .bss.g_protect_counters
                0x20000e60        0x8 ./ra/fsp/src/bsp/mcu/all/bsp_register_protection.o
                0x20000e60                g_protect_counters
 .bss.SystemCoreClock
                0x20000e68        0x4 ./ra/fsp/src/bsp/cmsis/Device/RENESAS/Source/system.o
                0x20000e68                SystemCoreClock
 .bss.__sf      0x20000e6c      0x138 D:/Program Files (x86)/Arm GNU Toolchain arm-none-eabi/14.3 rel1/bin/../lib/gcc/arm-none-eabi/14.3.1/../../../../arm-none-eabi/lib/thumb/v8-m.main+fp/hard\libg_nano.a(libc_a-findfp.o)
                0x20000e6c                __sf
 .bss.errno     0x20000fa4        0x4 D:/Program Files (x86)/Arm GNU Toolchain arm-none-eabi/14.3 rel1/bin/../lib/gcc/arm-none-eabi/14.3.1/../../../../arm-none-eabi/lib/thumb/v8-m.main+fp/hard\libg_nano.a(libc_a-reent.o)
                0x20000fa4                errno
 .bss.__lock___malloc_recursive_mutex
                0x20000fa8        0x1 D:/Program Files (x86)/Arm GNU Toolchain arm-none-eabi/14.3 rel1/bin/../lib/gcc/arm-none-eabi/14.3.1/../../../../arm-none-eabi/lib/thumb/v8-m.main+fp/hard\libg_nano.a(libc_a-lock.o)
                0x20000fa8                __lock___malloc_recursive_mutex
 *fill*         0x20000fa9        0x3 
 .bss.__malloc_sbrk_start
                0x20000fac        0x4 D:/Program Files (x86)/Arm GNU Toolchain arm-none-eabi/14.3 rel1/bin/../lib/gcc/arm-none-eabi/14.3.1/../../../../arm-none-eabi/lib/thumb/v8-m.main+fp/hard\libg_nano.a(libc_a-mallocr.o)
                0x20000fac                __malloc_sbrk_start
 .bss.__malloc_free_list
                0x20000fb0        0x4 D:/Program Files (x86)/Arm GNU Toolchain arm-none-eabi/14.3 rel1/bin/../lib/gcc/arm-none-eabi/14.3.1/../../../../arm-none-eabi/lib/thumb/v8-m.main+fp/hard\libg_nano.a(libc_a-mallocr.o)
                0x20000fb0                __malloc_free_list
                0x20000fb4                        __ram_zero$$Limit = .

__ram_thread_stack$$
                0x20000fb8        0x0 load address 0x00000168
                0x20000fb8                        __ram_thread_stack$$Base = .
 *(.stack?*)
                0x20000fb8                        __ram_thread_stack$$Limit = .

.ram.endof      0x20002000        0x0
                0x20002000                        __ddsc_RAM_END = .

.ram.flat_nsc   0x20002000        0x0
                0x20002000                        __ddsc_RAM_NSC = .

__flash_readonly$$
                0x00000168     0x5c44
                0x00000168                        __flash_readonly$$Base = .
 *(.flash)
 *(.flash_code)
 *(.text*)
 .text.deregister_tm_clones
                0x00000168       0x1c D:/Program Files (x86)/Arm GNU Toolchain arm-none-eabi/14.3 rel1/bin/../lib/gcc/arm-none-eabi/14.3.1/thumb/v8-m.main+fp/hard/crtbegin.o
 .text.register_tm_clones
                0x00000184       0x28 D:/Program Files (x86)/Arm GNU Toolchain arm-none-eabi/14.3 rel1/bin/../lib/gcc/arm-none-eabi/14.3.1/thumb/v8-m.main+fp/hard/crtbegin.o
 .text.__do_global_dtors_aux
                0x000001ac       0x28 D:/Program Files (x86)/Arm GNU Toolchain arm-none-eabi/14.3 rel1/bin/../lib/gcc/arm-none-eabi/14.3.1/thumb/v8-m.main+fp/hard/crtbegin.o
 .text.frame_dummy
                0x000001d4       0x24 D:/Program Files (x86)/Arm GNU Toolchain arm-none-eabi/14.3 rel1/bin/../lib/gcc/arm-none-eabi/14.3.1/thumb/v8-m.main+fp/hard/crtbegin.o
 .text.IIC_Start
                0x000001f8       0x64 ./src/OLED.o
                0x000001f8                IIC_Start
 .text.IIC_Stop
                0x0000025c       0x48 ./src/OLED.o
                0x0000025c                IIC_Stop
 .text.IIC_Wait_Ack
                0x000002a4       0x70 ./src/OLED.o
                0x000002a4                IIC_Wait_Ack
 .text.IIC_Send_Byte
                0x00000314       0x68 ./src/OLED.o
                0x00000314                IIC_Send_Byte
 .text.OLED_Clear
                0x0000037c       0xb4 ./src/OLED.o
                0x0000037c                OLED_Clear
 .text.OLED_ShowChar
                0x00000430      0x198 ./src/OLED.o
                0x00000430                OLED_ShowChar
 .text.OLED_ShowString
                0x000005c8       0x28 ./src/OLED.o
                0x000005c8                OLED_ShowString
 .text.OLED_ShowNum
                0x000005f0       0x78 ./src/OLED.o
                0x000005f0                OLED_ShowNum
 .text.OLED_Init
                0x00000668      0x3ac ./src/OLED.o
                0x00000668                OLED_Init
 .text._WriteNoCheck
                0x00000a14       0x38 ./src/SEGGER_RTT.o
 .text._WriteBlocking
                0x00000a4c       0x60 ./src/SEGGER_RTT.o
 .text._DoInit  0x00000aac       0x70 ./src/SEGGER_RTT.o
 .text.SEGGER_RTT_WriteNoLock
                0x00000b1c       0x8c ./src/SEGGER_RTT.o
                0x00000b1c                SEGGER_RTT_WriteNoLock
 .text.SEGGER_RTT_Write
                0x00000ba8       0x34 ./src/SEGGER_RTT.o
                0x00000ba8                SEGGER_RTT_Write
 .text.SEGGER_RTT_Init
                0x00000bdc        0x4 ./src/SEGGER_RTT.o
                0x00000bdc                SEGGER_RTT_Init
 .text._StoreChar
                0x00000be0       0x40 ./src/SEGGER_RTT_printf.o
 .text._PrintUnsigned
                0x00000c20       0xf0 ./src/SEGGER_RTT_printf.o
 .text.SEGGER_RTT_vprintf
                0x00000d10      0x608 ./src/SEGGER_RTT_printf.o
                0x00000d10                SEGGER_RTT_vprintf
 .text.SEGGER_RTT_printf
                0x00001318       0x20 ./src/SEGGER_RTT_printf.o
                0x00001318                SEGGER_RTT_printf
 .text.TOF400C_Start
                0x00001338       0x34 ./src/dmx_tof400c.o
 .text.TOF400C_Stop
                0x0000136c       0x38 ./src/dmx_tof400c.o
 .text.TOF400C_Read_Char
                0x000013a4       0xa8 ./src/dmx_tof400c.o
 .text.TOF400C_Write_Char
                0x0000144c       0x80 ./src/dmx_tof400c.o
 .text.TOF400C_Read_Datas
                0x000014cc       0x54 ./src/dmx_tof400c.o
 .text.Init_TOF400C
                0x00001520       0xec ./src/dmx_tof400c.o
                0x00001520                Init_TOF400C
 .text.Get_Distance_TOF400C
                0x0000160c       0x78 ./src/dmx_tof400c.o
                0x0000160c                Get_Distance_TOF400C
 .text.setup    0x00001684       0xa4 ./src/hal_entry.o
                0x00001684                setup
 .text.u8_draw_loop
                0x00001728       0xcc ./src/hal_entry.o
                0x00001728                u8_draw_loop
 *fill*         0x000017f4        0x4 
 .text.process_distance
                0x000017f8      0x180 ./src/hal_entry.o
                0x000017f8                process_distance
 .text.sos_action
                0x00001978       0xcc ./src/hal_entry.o
                0x00001978                sos_action
 .text.process_key
                0x00001a44       0xcc ./src/hal_entry.o
                0x00001a44                process_key
 .text.process_acc_value.part.0
                0x00001b10       0xf8 ./src/hal_entry.o
 .text.process_light
                0x00001c08       0x84 ./src/hal_entry.o
                0x00001c08                process_light
 .text.serial_daemon
                0x00001c8c       0x98 ./src/hal_entry.o
                0x00001c8c                serial_daemon
 .text.hal_entry
                0x00001d24       0x7c ./src/hal_entry.o
                0x00001d24                hal_entry
 .text.R_BSP_WarmStart
                0x00001da0       0x18 ./src/hal_entry.o
                0x00001da0                R_BSP_WarmStart
 .text.i2c_start
                0x00001db8       0x34 ./src/mk_i2c.o
                0x00001db8                i2c_start
 .text.i2c_ack  0x00001dec       0x3c ./src/mk_i2c.o
                0x00001dec                i2c_ack
 .text.i2c_nack
                0x00001e28       0x34 ./src/mk_i2c.o
                0x00001e28                i2c_nack
 .text.i2c_wait_ack
                0x00001e5c       0x64 ./src/mk_i2c.o
                0x00001e5c                i2c_wait_ack
 .text.i2c_write_byte
                0x00001ec0       0x4c ./src/mk_i2c.o
                0x00001ec0                i2c_write_byte
 .text.i2c_read_byte
                0x00001f0c       0x50 ./src/mk_i2c.o
                0x00001f0c                i2c_read_byte
 .text.i2c_mem_write
                0x00001f5c       0x74 ./src/mk_i2c.o
                0x00001f5c                i2c_mem_write
 .text.i2c_mem_read
                0x00001fd0       0x94 ./src/mk_i2c.o
                0x00001fd0                i2c_mem_read
 .text.gpio_init
                0x00002064       0x14 ./src/mk_pinctrl.o
                0x00002064                gpio_init
 .text.digitalWrite
                0x00002078       0x1c ./src/mk_pinctrl.o
                0x00002078                digitalWrite
 .text.digitalRead
                0x00002094       0x24 ./src/mk_pinctrl.o
                0x00002094                digitalRead
 .text.delay    0x000020b8        0x8 ./src/mk_pinctrl.o
                0x000020b8                delay
 .text.delayMicroseconds
                0x000020c0        0x8 ./src/mk_pinctrl.o
                0x000020c0                delayMicroseconds
 .text.millis_tim_init
                0x000020c8       0x1c ./src/mk_pinctrl.o
                0x000020c8                millis_tim_init
 .text.millis   0x000020e4        0xc ./src/mk_pinctrl.o
                0x000020e4                millis
 .text.beep     0x000020f0       0x48 ./src/mk_pinctrl.o
                0x000020f0                beep
 .text.adc_init
                0x00002138       0x24 ./src/mk_pinctrl.o
                0x00002138                adc_init
 .text.exti_init
                0x0000215c       0x34 ./src/mk_pinctrl.o
                0x0000215c                exti_init
 .text.analogRead
                0x00002190       0x2c ./src/mk_pinctrl.o
                0x00002190                analogRead
 .text.timer0_callback
                0x000021bc       0x14 ./src/mk_pinctrl.o
                0x000021bc                timer0_callback
 .text.exti7_callback
                0x000021d0       0x78 ./src/mk_pinctrl.o
                0x000021d0                exti7_callback
 .text.exti8_callback
                0x00002248       0x78 ./src/mk_pinctrl.o
                0x00002248                exti8_callback
 .text.get_key1_value
                0x000022c0       0x10 ./src/mk_pinctrl.o
                0x000022c0                get_key1_value
 .text.get_key2_value
                0x000022d0       0x10 ./src/mk_pinctrl.o
                0x000022d0                get_key2_value
 .text.uart0_callback
                0x000022e0       0x14 ./src/mk_rtt.o
                0x000022e0                uart0_callback
 .text.uart9_callback
                0x000022f4       0x90 ./src/mk_rtt.o
                0x000022f4                uart9_callback
 .text.uart6_callback
                0x00002384       0x8c ./src/mk_rtt.o
                0x00002384                uart6_callback
 .text.dbg_logi
                0x00002410       0x34 ./src/mk_rtt.o
                0x00002410                dbg_logi
 .text.tty6_logi
                0x00002444       0x50 ./src/mk_rtt.o
                0x00002444                tty6_logi
 .text.tts_printf
                0x00002494       0x50 ./src/mk_rtt.o
                0x00002494                tts_printf
 .text.tts_print
                0x000024e4       0x34 ./src/mk_rtt.o
                0x000024e4                tts_print
 .text.uart_all_init
                0x00002518       0x94 ./src/mk_rtt.o
                0x00002518                uart_all_init
 .text.MPU_Set_Rate
                0x000025ac       0x74 ./src/mpu6050.o
                0x000025ac                MPU_Set_Rate
 .text.MPU_Init
                0x00002620      0x118 ./src/mpu6050.o
                0x00002620                MPU_Init
 .text.MPU_Get_Gyroscope
                0x00002738       0x34 ./src/mpu6050.o
                0x00002738                MPU_Get_Gyroscope
 .text.MPU_Get_Accelerometer
                0x0000276c       0x34 ./src/mpu6050.o
                0x0000276c                MPU_Get_Accelerometer
 .text.MPU6050_ConvertToResult
                0x000027a0      0x128 ./src/mpu6050.o
                0x000027a0                MPU6050_ConvertToResult
 .text.startup.main
                0x000028c8        0xc ./ra_gen/main.o
                0x000028c8                main
 .text.R_SCI_UART_Write
                0x000028d4       0x4c ./ra/fsp/src/r_sci_uart/r_sci_uart.o
                0x000028d4                R_SCI_UART_Write
 .text.r_sci_uart_call_callback
                0x00002920       0x44 ./ra/fsp/src/r_sci_uart/r_sci_uart.o
 .text.R_SCI_UART_Open
                0x00002964      0x3b4 ./ra/fsp/src/r_sci_uart/r_sci_uart.o
                0x00002964                R_SCI_UART_Open
 .text.sci_uart_txi_isr
                0x00002d18       0x88 ./ra/fsp/src/r_sci_uart/r_sci_uart.o
                0x00002d18                sci_uart_txi_isr
 .text.sci_uart_rxi_isr
                0x00002da0       0x90 ./ra/fsp/src/r_sci_uart/r_sci_uart.o
                0x00002da0                sci_uart_rxi_isr
 .text.sci_uart_tei_isr
                0x00002e30       0x48 ./ra/fsp/src/r_sci_uart/r_sci_uart.o
                0x00002e30                sci_uart_tei_isr
 .text.sci_uart_eri_isr
                0x00002e78       0x78 ./ra/fsp/src/r_sci_uart/r_sci_uart.o
                0x00002e78                sci_uart_eri_isr
 .text.R_IOPORT_Close
                0x00002ef0        0xc ./ra/fsp/src/r_ioport/r_ioport.o
                0x00002ef0                R_IOPORT_Close
 .text.R_IOPORT_PinRead
                0x00002efc       0x24 ./ra/fsp/src/r_ioport/r_ioport.o
                0x00002efc                R_IOPORT_PinRead
 .text.R_IOPORT_PortRead
                0x00002f20       0x14 ./ra/fsp/src/r_ioport/r_ioport.o
                0x00002f20                R_IOPORT_PortRead
 .text.R_IOPORT_PortWrite
                0x00002f34       0x1c ./ra/fsp/src/r_ioport/r_ioport.o
                0x00002f34                R_IOPORT_PortWrite
 .text.R_IOPORT_PinWrite
                0x00002f50       0x20 ./ra/fsp/src/r_ioport/r_ioport.o
                0x00002f50                R_IOPORT_PinWrite
 .text.R_IOPORT_PortDirectionSet
                0x00002f70       0x2c ./ra/fsp/src/r_ioport/r_ioport.o
                0x00002f70                R_IOPORT_PortDirectionSet
 .text.R_IOPORT_PortEventInputRead
                0x00002f9c       0x18 ./ra/fsp/src/r_ioport/r_ioport.o
                0x00002f9c                R_IOPORT_PortEventInputRead
 .text.R_IOPORT_PinEventInputRead
                0x00002fb4       0x34 ./ra/fsp/src/r_ioport/r_ioport.o
                0x00002fb4                R_IOPORT_PinEventInputRead
 .text.R_IOPORT_PortEventOutputWrite
                0x00002fe8       0x1c ./ra/fsp/src/r_ioport/r_ioport.o
                0x00002fe8                R_IOPORT_PortEventOutputWrite
 .text.R_IOPORT_PinEventOutputWrite
                0x00003004       0x34 ./ra/fsp/src/r_ioport/r_ioport.o
                0x00003004                R_IOPORT_PinEventOutputWrite
 .text.bsp_vbatt_init
                0x00003038       0xe8 ./ra/fsp/src/r_ioport/r_ioport.o
 .text.r_ioport_pins_config
                0x00003120       0xac ./ra/fsp/src/r_ioport/r_ioport.o
 .text.R_IOPORT_Open
                0x000031cc       0x14 ./ra/fsp/src/r_ioport/r_ioport.o
                0x000031cc                R_IOPORT_Open
 .text.R_IOPORT_PinsCfg
                0x000031e0        0xc ./ra/fsp/src/r_ioport/r_ioport.o
                0x000031e0                R_IOPORT_PinsCfg
 .text.R_IOPORT_PinCfg
                0x000031ec       0xa8 ./ra/fsp/src/r_ioport/r_ioport.o
                0x000031ec                R_IOPORT_PinCfg
 .text.R_ICU_ExternalIrqOpen
                0x00003294       0x80 ./ra/fsp/src/r_icu/r_icu.o
                0x00003294                R_ICU_ExternalIrqOpen
 .text.R_ICU_ExternalIrqEnable
                0x00003314       0x44 ./ra/fsp/src/r_icu/r_icu.o
                0x00003314                R_ICU_ExternalIrqEnable
 .text.r_icu_isr
                0x00003358       0x74 ./ra/fsp/src/r_icu/r_icu.o
                0x00003358                r_icu_isr
 .text.R_GPT_Start
                0x000033cc        0xc ./ra/fsp/src/r_gpt/r_gpt.o
                0x000033cc                R_GPT_Start
 .text.r_gpt_call_callback
                0x000033d8       0x3c ./ra/fsp/src/r_gpt/r_gpt.o
 .text.r_gpt_enable_irq
                0x00003414       0x60 ./ra/fsp/src/r_gpt/r_gpt.o
 .text.R_GPT_Open
                0x00003474      0x160 ./ra/fsp/src/r_gpt/r_gpt.o
                0x00003474                R_GPT_Open
 .text.gpt_counter_overflow_isr
                0x000035d4       0x9c ./ra/fsp/src/r_gpt/r_gpt.o
                0x000035d4                gpt_counter_overflow_isr
 .text.R_ADC_ScanStart
                0x00003670        0xc ./ra/fsp/src/r_adc/r_adc.o
                0x00003670                R_ADC_ScanStart
 .text.R_ADC_Read
                0x0000367c       0x10 ./ra/fsp/src/r_adc/r_adc.o
                0x0000367c                R_ADC_Read
 .text.R_ADC_ScanCfg
                0x0000368c      0x200 ./ra/fsp/src/r_adc/r_adc.o
                0x0000368c                R_ADC_ScanCfg
 .text.r_adc_irq_enable.part.0
                0x0000388c       0x5c ./ra/fsp/src/r_adc/r_adc.o
 .text.R_ADC_Open
                0x000038e8      0x134 ./ra/fsp/src/r_adc/r_adc.o
                0x000038e8                R_ADC_Open
 .text.SystemCoreClockUpdate
                0x00003a1c       0x28 ./ra/fsp/src/bsp/mcu/all/bsp_clocks.o
                0x00003a1c                SystemCoreClockUpdate
 .text.R_BSP_SubClockStabilizeWaitAfterReset
                0x00003a44        0x4 ./ra/fsp/src/bsp/mcu/all/bsp_clocks.o
                0x00003a44                R_BSP_SubClockStabilizeWaitAfterReset
 .text.bsp_clock_init
                0x00003a48      0x14c ./ra/fsp/src/bsp/mcu/all/bsp_clocks.o
                0x00003a48                bsp_clock_init
 .text.R_BSP_Init_RTC
                0x00003b94       0xb0 ./ra/fsp/src/bsp/mcu/all/bsp_clocks.o
                0x00003b94                R_BSP_Init_RTC
 .text.bsp_init_internal
                0x00003c44        0x4 ./ra/fsp/src/bsp/mcu/all/bsp_common.o
                0x00003c44                bsp_init_internal
                0x00003c44                bsp_init
 .text.bsp_prv_software_delay_loop
                0x00003c48        0xc ./ra/fsp/src/bsp/mcu/all/bsp_delay.o
                0x00003c48                bsp_prv_software_delay_loop
 .text.R_BSP_SoftwareDelay
                0x00003c54       0x8c ./ra/fsp/src/bsp/mcu/all/bsp_delay.o
                0x00003c54                R_BSP_SoftwareDelay
 .text.NMI_Handler
                0x00003ce0       0x3c ./ra/fsp/src/bsp/mcu/all/bsp_group_irq.o
                0x00003ce0                NMI_Handler
 .text.bsp_irq_cfg
                0x00003d1c       0x98 ./ra/fsp/src/bsp/mcu/all/bsp_irq.o
                0x00003d1c                bsp_irq_cfg
 .text.R_BSP_RegisterProtectEnable
                0x00003db4       0x60 ./ra/fsp/src/bsp/mcu/all/bsp_register_protection.o
                0x00003db4                R_BSP_RegisterProtectEnable
 .text.R_BSP_RegisterProtectDisable
                0x00003e14       0x54 ./ra/fsp/src/bsp/mcu/all/bsp_register_protection.o
                0x00003e14                R_BSP_RegisterProtectDisable
 .text._sbrk    0x00003e68       0x14 ./ra/fsp/src/bsp/mcu/all/bsp_sbrk.o
                0x00003e68                _sbrk
 .text.Default_Handler
                0x00003e7c        0x4 ./ra/fsp/src/bsp/cmsis/Device/RENESAS/Source/startup.o
                0x00003e7c                DebugMon_Handler
                0x00003e7c                HardFault_Handler
                0x00003e7c                SysTick_Handler
                0x00003e7c                PendSV_Handler
                0x00003e7c                UsageFault_Handler
                0x00003e7c                SecureFault_Handler
                0x00003e7c                Default_Handler
                0x00003e7c                MemManage_Handler
                0x00003e7c                SVC_Handler
                0x00003e7c                BusFault_Handler
 .text.Reset_Handler
                0x00003e80        0xc ./ra/fsp/src/bsp/cmsis/Device/RENESAS/Source/startup.o
                0x00003e80                Reset_Handler
 .text.SystemRuntimeInit
                0x00003e8c       0x64 ./ra/fsp/src/bsp/cmsis/Device/RENESAS/Source/system.o
 .text.SystemInit
                0x00003ef0       0xc0 ./ra/fsp/src/bsp/cmsis/Device/RENESAS/Source/system.o
                0x00003ef0                SystemInit
 .text          0x00003fb0      0x378 D:/Program Files (x86)/Arm GNU Toolchain arm-none-eabi/14.3 rel1/bin/../lib/gcc/arm-none-eabi/14.3.1/thumb/v8-m.main+fp/hard\libgcc.a(_arm_addsubdf3.o)
                0x00003fb0                __aeabi_drsub
                0x00003fb8                __aeabi_dsub
                0x00003fb8                __subdf3
                0x00003fbc                __aeabi_dadd
                0x00003fbc                __adddf3
                0x00004234                __floatunsidf
                0x00004234                __aeabi_ui2d
                0x00004254                __floatsidf
                0x00004254                __aeabi_i2d
                0x00004278                __aeabi_f2d
                0x00004278                __extendsfdf2
                0x000042bc                __floatundidf
                0x000042bc                __aeabi_ul2d
                0x000042cc                __floatdidf
                0x000042cc                __aeabi_l2d
 .text          0x00004328      0x424 D:/Program Files (x86)/Arm GNU Toolchain arm-none-eabi/14.3 rel1/bin/../lib/gcc/arm-none-eabi/14.3.1/thumb/v8-m.main+fp/hard\libgcc.a(_arm_muldivdf3.o)
                0x00004328                __aeabi_dmul
                0x00004328                __muldf3
                0x0000457c                __divdf3
                0x0000457c                __aeabi_ddiv
 .text          0x0000474c       0x40 D:/Program Files (x86)/Arm GNU Toolchain arm-none-eabi/14.3 rel1/bin/../lib/gcc/arm-none-eabi/14.3.1/thumb/v8-m.main+fp/hard\libgcc.a(_arm_fixunsdfsi.o)
                0x0000474c                __aeabi_d2uiz
                0x0000474c                __fixunsdfsi
 .text          0x0000478c       0xa0 D:/Program Files (x86)/Arm GNU Toolchain arm-none-eabi/14.3 rel1/bin/../lib/gcc/arm-none-eabi/14.3.1/thumb/v8-m.main+fp/hard\libgcc.a(_arm_truncdfsf2.o)
                0x0000478c                __truncdfsf2
                0x0000478c                __aeabi_d2f
 .text._vsnprintf_r
                0x0000482c       0x5c D:/Program Files (x86)/Arm GNU Toolchain arm-none-eabi/14.3 rel1/bin/../lib/gcc/arm-none-eabi/14.3.1/../../../../arm-none-eabi/lib/thumb/v8-m.main+fp/hard\libg_nano.a(libc_a-vsnprintf.o)
                0x0000482c                _vsniprintf_r
                0x0000482c                _vsnprintf_r
 .text.vsnprintf
                0x00004888       0x1c D:/Program Files (x86)/Arm GNU Toolchain arm-none-eabi/14.3 rel1/bin/../lib/gcc/arm-none-eabi/14.3.1/../../../../arm-none-eabi/lib/thumb/v8-m.main+fp/hard\libg_nano.a(libc_a-vsnprintf.o)
                0x00004888                vsniprintf
                0x00004888                vsnprintf
 .text.memset   0x000048a4       0x10 D:/Program Files (x86)/Arm GNU Toolchain arm-none-eabi/14.3 rel1/bin/../lib/gcc/arm-none-eabi/14.3.1/../../../../arm-none-eabi/lib/thumb/v8-m.main+fp/hard\libg_nano.a(libc_a-memset.o)
                0x000048a4                memset
 .text.__errno  0x000048b4        0xc D:/Program Files (x86)/Arm GNU Toolchain arm-none-eabi/14.3 rel1/bin/../lib/gcc/arm-none-eabi/14.3.1/../../../../arm-none-eabi/lib/thumb/v8-m.main+fp/hard\libg_nano.a(libc_a-errno.o)
                0x000048b4                __errno
 .text.__retarget_lock_acquire_recursive
                0x000048c0        0x2 D:/Program Files (x86)/Arm GNU Toolchain arm-none-eabi/14.3 rel1/bin/../lib/gcc/arm-none-eabi/14.3.1/../../../../arm-none-eabi/lib/thumb/v8-m.main+fp/hard\libg_nano.a(libc_a-lock.o)
                0x000048c0                __retarget_lock_acquire_recursive
 .text.__retarget_lock_release_recursive
                0x000048c2        0x2 D:/Program Files (x86)/Arm GNU Toolchain arm-none-eabi/14.3 rel1/bin/../lib/gcc/arm-none-eabi/14.3.1/../../../../arm-none-eabi/lib/thumb/v8-m.main+fp/hard\libg_nano.a(libc_a-lock.o)
                0x000048c2                __retarget_lock_release_recursive
 .text          0x000048c4       0x14 D:/Program Files (x86)/Arm GNU Toolchain arm-none-eabi/14.3 rel1/bin/../lib/gcc/arm-none-eabi/14.3.1/../../../../arm-none-eabi/lib/thumb/v8-m.main+fp/hard\libg_nano.a(libc_a-strcmp.o)
                0x000048c4                strcmp
 .text.memcpy   0x000048d8       0x1a D:/Program Files (x86)/Arm GNU Toolchain arm-none-eabi/14.3 rel1/bin/../lib/gcc/arm-none-eabi/14.3.1/../../../../arm-none-eabi/lib/thumb/v8-m.main+fp/hard\libg_nano.a(libc_a-memcpy-stub.o)
                0x000048d8                memcpy
 *fill*         0x000048f2        0x2 
 .text._free_r  0x000048f4       0x94 D:/Program Files (x86)/Arm GNU Toolchain arm-none-eabi/14.3 rel1/bin/../lib/gcc/arm-none-eabi/14.3.1/../../../../arm-none-eabi/lib/thumb/v8-m.main+fp/hard\libg_nano.a(libc_a-freer.o)
                0x000048f4                _free_r
 .text.sbrk_aligned
                0x00004988       0x44 D:/Program Files (x86)/Arm GNU Toolchain arm-none-eabi/14.3 rel1/bin/../lib/gcc/arm-none-eabi/14.3.1/../../../../arm-none-eabi/lib/thumb/v8-m.main+fp/hard\libg_nano.a(libc_a-mallocr.o)
 .text._malloc_r
                0x000049cc      0x100 D:/Program Files (x86)/Arm GNU Toolchain arm-none-eabi/14.3 rel1/bin/../lib/gcc/arm-none-eabi/14.3.1/../../../../arm-none-eabi/lib/thumb/v8-m.main+fp/hard\libg_nano.a(libc_a-mallocr.o)
                0x000049cc                _malloc_r
 .text.__malloc_lock
                0x00004acc        0xc D:/Program Files (x86)/Arm GNU Toolchain arm-none-eabi/14.3 rel1/bin/../lib/gcc/arm-none-eabi/14.3.1/../../../../arm-none-eabi/lib/thumb/v8-m.main+fp/hard\libg_nano.a(libc_a-mlock.o)
                0x00004acc                __malloc_lock
 .text.__malloc_unlock
                0x00004ad8        0xc D:/Program Files (x86)/Arm GNU Toolchain arm-none-eabi/14.3 rel1/bin/../lib/gcc/arm-none-eabi/14.3.1/../../../../arm-none-eabi/lib/thumb/v8-m.main+fp/hard\libg_nano.a(libc_a-mlock.o)
                0x00004ad8                __malloc_unlock
 .text.__ssputs_r
                0x00004ae4       0xc0 D:/Program Files (x86)/Arm GNU Toolchain arm-none-eabi/14.3 rel1/bin/../lib/gcc/arm-none-eabi/14.3.1/../../../../arm-none-eabi/lib/thumb/v8-m.main+fp/hard\libg_nano.a(libc_a-nano-svfprintf.o)
                0x00004ae4                __ssputs_r
 .text._svfprintf_r
                0x00004ba4      0x1f0 D:/Program Files (x86)/Arm GNU Toolchain arm-none-eabi/14.3 rel1/bin/../lib/gcc/arm-none-eabi/14.3.1/../../../../arm-none-eabi/lib/thumb/v8-m.main+fp/hard\libg_nano.a(libc_a-nano-svfprintf.o)
                0x00004ba4                _svfiprintf_r
                0x00004ba4                _svfprintf_r
 .text._printf_common
                0x00004d94       0xe4 D:/Program Files (x86)/Arm GNU Toolchain arm-none-eabi/14.3 rel1/bin/../lib/gcc/arm-none-eabi/14.3.1/../../../../arm-none-eabi/lib/thumb/v8-m.main+fp/hard\libg_nano.a(libc_a-nano-vfprintf_i.o)
                0x00004d94                _printf_common
 .text._printf_i
                0x00004e78      0x24c D:/Program Files (x86)/Arm GNU Toolchain arm-none-eabi/14.3 rel1/bin/../lib/gcc/arm-none-eabi/14.3.1/../../../../arm-none-eabi/lib/thumb/v8-m.main+fp/hard\libg_nano.a(libc_a-nano-vfprintf_i.o)
                0x00004e78                _printf_i
 .text.memmove  0x000050c4       0x32 D:/Program Files (x86)/Arm GNU Toolchain arm-none-eabi/14.3 rel1/bin/../lib/gcc/arm-none-eabi/14.3.1/../../../../arm-none-eabi/lib/thumb/v8-m.main+fp/hard\libg_nano.a(libc_a-memmove.o)
                0x000050c4                memmove
 *fill*         0x000050f6        0x2 
 .text._sbrk_r  0x000050f8       0x20 D:/Program Files (x86)/Arm GNU Toolchain arm-none-eabi/14.3 rel1/bin/../lib/gcc/arm-none-eabi/14.3.1/../../../../arm-none-eabi/lib/thumb/v8-m.main+fp/hard\libg_nano.a(libc_a-sbrkr.o)
                0x000050f8                _sbrk_r
 .text.memchr   0x00005118       0x1c D:/Program Files (x86)/Arm GNU Toolchain arm-none-eabi/14.3 rel1/bin/../lib/gcc/arm-none-eabi/14.3.1/../../../../arm-none-eabi/lib/thumb/v8-m.main+fp/hard\libg_nano.a(libc_a-memchr-stub.o)
                0x00005118                memchr
 .text._realloc_r
                0x00005134       0x5c D:/Program Files (x86)/Arm GNU Toolchain arm-none-eabi/14.3 rel1/bin/../lib/gcc/arm-none-eabi/14.3.1/../../../../arm-none-eabi/lib/thumb/v8-m.main+fp/hard\libg_nano.a(libc_a-reallocr.o)
                0x00005134                _realloc_r
 .text._malloc_usable_size_r
                0x00005190       0x10 D:/Program Files (x86)/Arm GNU Toolchain arm-none-eabi/14.3 rel1/bin/../lib/gcc/arm-none-eabi/14.3.1/../../../../arm-none-eabi/lib/thumb/v8-m.main+fp/hard\libg_nano.a(libc_a-msizer.o)
                0x00005190                _malloc_usable_size_r
 *(.rodata*)
 .rodata.OLED_F8x16
                0x000051a0      0x5f0 ./src/OLED.o
                0x000051a0                OLED_F8x16
 .rodata._DoInit.str1.4
                0x00005790      0x217 ./src/SEGGER_RTT.o
                                  0x9 (size before relaxing)
 *fill*         0x000059a7        0x1 
 .rodata._aInitStr.0
                0x000059a8       0x11 ./src/SEGGER_RTT.o
 .rodata.SEGGER_RTT_vprintf.str1.4
                0x000059b9        0x7 ./src/SEGGER_RTT_printf.o
 *fill*         0x000059b9        0x3 
 .rodata._aV2C.0
                0x000059bc       0x10 ./src/SEGGER_RTT_printf.o
 .rodata.setup.str1.4
                0x000059cc       0x3b ./src/hal_entry.o
 .rodata.u8_draw_loop.str1.4
                0x000059cc       0x37 ./src/hal_entry.o
 .rodata.process_distance.str1.4
                0x000059cc       0x15 ./src/hal_entry.o
 .rodata.sos_action.str1.4
                0x000059cc       0x5d ./src/hal_entry.o
 .rodata.process_key.str1.4
                0x000059cc       0x3b ./src/hal_entry.o
 .rodata.process_acc_value.part.0.str1.4
                0x000059cc       0x39 ./src/hal_entry.o
 .rodata.process_light.str1.4
                0x000059cc       0x2e ./src/hal_entry.o
 .rodata.serial_daemon.str1.4
                0x000059cc       0x67 ./src/hal_entry.o
 .rodata.dbg_logi.str1.4
                0x000059cc        0x7 ./src/mk_rtt.o
 .rodata.g_ioport
                0x000059cc        0xc ./ra_gen/common_data.o
                0x000059cc                g_ioport
 .rodata.g_external_irq7_cfg
                0x000059d8       0x14 ./ra_gen/common_data.o
                0x000059d8                g_external_irq7_cfg
 .rodata.g_external_irq7_ext_cfg
                0x000059ec        0x1 ./ra_gen/common_data.o
                0x000059ec                g_external_irq7_ext_cfg
 *fill*         0x000059ed        0x3 
 .rodata.g_external_irq8_cfg
                0x000059f0       0x14 ./ra_gen/common_data.o
                0x000059f0                g_external_irq8_cfg
 .rodata.g_external_irq8_ext_cfg
                0x00005a04        0x1 ./ra_gen/common_data.o
                0x00005a04                g_external_irq8_ext_cfg
 *fill*         0x00005a05        0x3 
 .rodata.g_uart6_cfg
                0x00005a08       0x20 ./ra_gen/hal_data.o
                0x00005a08                g_uart6_cfg
 .rodata.g_uart6_cfg_extend
                0x00005a28       0x14 ./ra_gen/hal_data.o
                0x00005a28                g_uart6_cfg_extend
 .rodata.g_timer0_cfg
                0x00005a3c       0x20 ./ra_gen/hal_data.o
                0x00005a3c                g_timer0_cfg
 .rodata.g_timer0_extend
                0x00005a5c       0x3c ./ra_gen/hal_data.o
                0x00005a5c                g_timer0_extend
 .rodata.g_adc0_channel_cfg
                0x00005a98       0x14 ./ra_gen/hal_data.o
                0x00005a98                g_adc0_channel_cfg
 .rodata.g_adc0_cfg
                0x00005aac       0x18 ./ra_gen/hal_data.o
                0x00005aac                g_adc0_cfg
 .rodata.g_adc0_cfg_extend
                0x00005ac4        0xb ./ra_gen/hal_data.o
                0x00005ac4                g_adc0_cfg_extend
 *fill*         0x00005acf        0x1 
 .rodata.g_uart0_cfg
                0x00005ad0       0x20 ./ra_gen/hal_data.o
                0x00005ad0                g_uart0_cfg
 .rodata.g_uart0_cfg_extend
                0x00005af0       0x14 ./ra_gen/hal_data.o
                0x00005af0                g_uart0_cfg_extend
 .rodata.g_uart9_cfg
                0x00005b04       0x20 ./ra_gen/hal_data.o
                0x00005b04                g_uart9_cfg
 .rodata.g_uart9_cfg_extend
                0x00005b24       0x14 ./ra_gen/hal_data.o
                0x00005b24                g_uart9_cfg_extend
 .rodata.g_bsp_pin_cfg
                0x00005b38        0xc ./ra_gen/pin_data.o
                0x00005b38                g_bsp_pin_cfg
 .rodata.g_bsp_pin_cfg_data
                0x00005b44       0xa8 ./ra_gen/pin_data.o
                0x00005b44                g_bsp_pin_cfg_data
 .rodata.g_interrupt_event_link_select
                0x00005bec       0x1e ./ra_gen/vector_data.o
                0x00005bec                g_interrupt_event_link_select
 *fill*         0x00005c0a        0x2 
 .rodata.g_vbatt_pins_input
                0x00005c0c        0x6 ./ra/fsp/src/r_ioport/r_ioport.o
 *fill*         0x00005c12        0x2 
 .rodata.g_ioport_on_ioport
                0x00005c14       0x34 ./ra/fsp/src/r_ioport/r_ioport.o
                0x00005c14                g_ioport_on_ioport
 .rodata.g_init_info
                0x00005c48       0x18 ./ra/fsp/src/bsp/mcu/ra6m5/bsp_linker.o
                0x00005c48                g_init_info
 .rodata.nocache_list
                0x00005c60       0x10 ./ra/fsp/src/bsp/mcu/ra6m5/bsp_linker.o
 .rodata.copy_list
                0x00005c70       0x80 ./ra/fsp/src/bsp/mcu/ra6m5/bsp_linker.o
 .rodata.zero_list
                0x00005cf0       0x30 ./ra/fsp/src/bsp/mcu/ra6m5/bsp_linker.o
 .rodata.g_prcr_masks
                0x00005d20        0x8 ./ra/fsp/src/bsp/mcu/all/bsp_register_protection.o
 .rodata._svfprintf_r.str1.1
                0x00005d28       0x33 D:/Program Files (x86)/Arm GNU Toolchain arm-none-eabi/14.3 rel1/bin/../lib/gcc/arm-none-eabi/14.3.1/../../../../arm-none-eabi/lib/thumb/v8-m.main+fp/hard\libg_nano.a(libc_a-nano-svfprintf.o)
                                 0x11 (size before relaxing)
 .rodata._printf_i.str1.1
                0x00005d5b       0x22 D:/Program Files (x86)/Arm GNU Toolchain arm-none-eabi/14.3 rel1/bin/../lib/gcc/arm-none-eabi/14.3.1/../../../../arm-none-eabi/lib/thumb/v8-m.main+fp/hard\libg_nano.a(libc_a-nano-vfprintf_i.o)
 *(.mcuboot_sce9_key)
 *(.version)
 *fill*         0x00005d5b        0x1 
 .version       0x00005d5c       0x50 ./ra/fsp/src/bsp/mcu/all/bsp_common.o
                0x00005dac                        __flash_readonly$$Limit = .

.glue_7         0x00005dac        0x0
 .glue_7        0x00005dac        0x0 linker stubs

.glue_7t        0x00005dac        0x0
 .glue_7t       0x00005dac        0x0 linker stubs

.vfp11_veneer   0x00005dac        0x0
 .vfp11_veneer  0x00005dac        0x0 linker stubs

.v4_bx          0x00005dac        0x0
 .v4_bx         0x00005dac        0x0 linker stubs

.init           0x00005dac        0x4
 .init          0x00005dac        0x4 D:/Program Files (x86)/Arm GNU Toolchain arm-none-eabi/14.3 rel1/bin/../lib/gcc/arm-none-eabi/14.3.1/thumb/v8-m.main+fp/hard/crti.o
                0x00005dac                _init

.fini           0x00005db0        0x4
 .fini          0x00005db0        0x4 D:/Program Files (x86)/Arm GNU Toolchain arm-none-eabi/14.3 rel1/bin/../lib/gcc/arm-none-eabi/14.3.1/thumb/v8-m.main+fp/hard/crti.o
                0x00005db0                _fini

.iplt           0x00005db4        0x0
 .iplt          0x00005db4        0x0 D:/Program Files (x86)/Arm GNU Toolchain arm-none-eabi/14.3 rel1/bin/../lib/gcc/arm-none-eabi/14.3.1/thumb/v8-m.main+fp/hard/crtbegin.o

__flash_ctor$$
 *crtbegin.o(.ctors)
 *crtbegin?.o(.ctors)
 EXCLUDE_FILE(*crtend.o *crtend?.o) *(.ctors)
 *(SORT_BY_NAME(.ctors.*))
 *(.ctors)
 *crtbegin.o(.dtors)
 *crtbegin?.o(.dtors)
 EXCLUDE_FILE(*crtend.o *crtend?.o) *(.dtors)
 *(SORT_BY_NAME(.dtors.*))
 *(.dtors)

__flash_preinit_array$$
                0x00005db4        0x0
                0x00005db4                        __preinit_array_start = .
 *(.preinit_array)
                0x00005db4                        __preinit_array_end = .

__flash_.got$$
 *(.got.plt)
 *(.got)

__flash_init_array$$
                0x00005db4        0x4
                0x00005db4                        __init_array_start = .
 *(SORT_BY_NAME(.init_array.*))
 *(.init_array)
 .init_array    0x00005db4        0x4 D:/Program Files (x86)/Arm GNU Toolchain arm-none-eabi/14.3 rel1/bin/../lib/gcc/arm-none-eabi/14.3.1/thumb/v8-m.main+fp/hard/crtbegin.o
                0x00005db8                        __init_array_end = .

__flash_fini_array$$
                0x00005db8        0x4
                0x00005db8                        __fini_array_start = .
 *(SORT_BY_NAME(.fini_array.*))
 *(.fini_array)
 .fini_array    0x00005db8        0x4 D:/Program Files (x86)/Arm GNU Toolchain arm-none-eabi/14.3 rel1/bin/../lib/gcc/arm-none-eabi/14.3.1/thumb/v8-m.main+fp/hard/crtbegin.o
                0x00005dbc                        __fini_array_end = .

/DISCARD/
 *(.ARM.extab*)
 *(.gnu.linkonce.armextab.*)
 *(.ARM.exidx*)
 *(.gnu.linkonce.armexidx.*)

__flash_arm.exidx$$
                0x00005dbc        0x0
                0x00005dbc                        __exidx_start = .
                0x00005dbc                        __exidx_end = .

.flash.endof    0x00008000        0x0
                0x00008000                        __ddsc_FLASH_END = .

.flash.flat_nsc
                0x00008000        0x0
                0x00008000                        __ddsc_FLASH_NSC = .

.option_setting_ofs0.startof
                0x0100a100        0x0
                0x0100a100                        __ddsc_OPTION_SETTING_OFS0_START = .

__option_setting_ofs0_reg$$
                0x0100a100        0x4
                0x0100a100                        __option_setting_ofs0_reg$$Base = .
 *(.option_setting_ofs0)
 .option_setting_ofs0
                0x0100a100        0x4 ./ra/fsp/src/bsp/mcu/ra6m5/bsp_linker.o
                0x0100a104                        __option_setting_ofs0_reg$$Limit = .

.option_setting_ofs0.endof
                0x0100a104        0x0
                0x0100a104                        __ddsc_OPTION_SETTING_OFS0_END = .

.option_setting_dualsel.startof
                0x0100a110        0x0
                0x0100a110                        __ddsc_OPTION_SETTING_DUALSEL_START = .

__option_setting_dualsel_reg$$
                0x0100a110        0x0
                0x0100a110                        __option_setting_dualsel_reg$$Base = .
 *(.option_setting_dualsel)
                0x0100a110                        __option_setting_dualsel_reg$$Limit = .

.option_setting_dualsel.endof
                0x0100a110        0x0
                0x0100a110                        __ddsc_OPTION_SETTING_DUALSEL_END = .

.option_setting_ofs1.startof
                0x0100a180        0x0
                0x0100a180                        __ddsc_OPTION_SETTING_OFS1_START = .

__option_setting_ofs1_reg$$
                0x0100a180        0x0
                0x0100a180                        __option_setting_ofs1_reg$$Base = .
 *(.option_setting_ofs1)
                0x0100a180                        __option_setting_ofs1_reg$$Limit = .

.option_setting_ofs1.endof
                0x0100a180        0x0
                0x0100a180                        __ddsc_OPTION_SETTING_OFS1_END = .

.option_setting_banksel.startof
                0x0100a190        0x0
                0x0100a190                        __ddsc_OPTION_SETTING_BANKSEL_START = .

__option_setting_banksel_reg$$
                0x0100a190        0x0
                0x0100a190                        __option_setting_banksel_reg$$Base = .
 *(.option_setting_banksel)
                0x0100a190                        __option_setting_banksel_reg$$Limit = .

.option_setting_banksel.endof
                0x0100a190        0x0
                0x0100a190                        __ddsc_OPTION_SETTING_BANKSEL_END = .

.option_setting_bps.startof
                0x0100a1c0        0x0
                0x0100a1c0                        __ddsc_OPTION_SETTING_BPS_START = .

__option_setting_bps_reg$$
                0x0100a1c0        0x0
                0x0100a1c0                        __option_setting_bps_reg$$Base = .
 *(.option_setting_bps)
                0x0100a1c0                        __option_setting_bps_reg$$Limit = .

.option_setting_bps.endof
                0x0100a1c0        0x0
                0x0100a1c0                        __ddsc_OPTION_SETTING_BPS_END = .

.option_setting_pbps.startof
                0x0100a1e0        0x0
                0x0100a1e0                        __ddsc_OPTION_SETTING_PBPS_START = .

__option_setting_pbps_reg$$
                0x0100a1e0        0x0
                0x0100a1e0                        __option_setting_pbps_reg$$Base = .
 *(.option_setting_pbps)
                0x0100a1e0                        __option_setting_pbps_reg$$Limit = .

.option_setting_pbps.endof
                0x0100a1e0        0x0
                0x0100a1e0                        __ddsc_OPTION_SETTING_PBPS_END = .

.option_setting_ofs1_sec.startof
                0x0100a200        0x0
                0x0100a200                        __ddsc_OPTION_SETTING_OFS1_SEC_START = .

__option_setting_ofs1_sec_reg$$
                0x0100a200        0x4
                0x0100a200                        __option_setting_ofs1_sec_reg$$Base = .
 *(.option_setting_ofs1_sec)
 .option_setting_ofs1_sec
                0x0100a200        0x4 ./ra/fsp/src/bsp/mcu/ra6m5/bsp_linker.o
                0x0100a204                        __option_setting_ofs1_sec_reg$$Limit = .

.option_setting_ofs1_sec.endof
                0x0100a204        0x0
                0x0100a204                        __ddsc_OPTION_SETTING_OFS1_SEC_END = .

.option_setting_banksel_sec.startof
                0x0100a210        0x0
                0x0100a210                        __ddsc_OPTION_SETTING_BANKSEL_SEC_START = .

__option_setting_banksel_sec_reg$$
                0x0100a210        0x0
                0x0100a210                        __option_setting_banksel_sec_reg$$Base = .
 *(.option_setting_banksel_sec)
                0x0100a210                        __option_setting_banksel_sec_reg$$Limit = .

.option_setting_banksel_sec.endof
                0x0100a210        0x0
                0x0100a210                        __ddsc_OPTION_SETTING_BANKSEL_SEC_END = .

.option_setting_bps_sec.startof
                0x0100a240        0x0
                0x0100a240                        __ddsc_OPTION_SETTING_BPS_SEC_START = .

__option_setting_bps_sec_reg$$
                0x0100a240        0x0
                0x0100a240                        __option_setting_bps_sec_reg$$Base = .
 *(.option_setting_bps_sec)
                0x0100a240                        __option_setting_bps_sec_reg$$Limit = .

.option_setting_bps_sec.endof
                0x0100a240        0x0
                0x0100a240                        __ddsc_OPTION_SETTING_BPS_SEC_END = .

.option_setting_pbps_sec.startof
                0x0100a260        0x0
                0x0100a260                        __ddsc_OPTION_SETTING_PBPS_SEC_START = .

__option_setting_pbps_sec_reg$$
                0x0100a260        0x0
                0x0100a260                        __option_setting_pbps_sec_reg$$Base = .
 *(.option_setting_pbps_sec)
                0x0100a260                        __option_setting_pbps_sec_reg$$Limit = .

.option_setting_pbps_sec.endof
                0x0100a260        0x0
                0x0100a260                        __ddsc_OPTION_SETTING_PBPS_SEC_END = .

.option_setting_ofs1_sel.startof
                0x0100a280        0x0
                0x0100a280                        __ddsc_OPTION_SETTING_OFS1_SEL_START = .

__option_setting_ofs1_sel_reg$$
                0x0100a280        0x4
                0x0100a280                        __option_setting_ofs1_sel_reg$$Base = .
 *(.option_setting_ofs1_sel)
 .option_setting_ofs1_sel
                0x0100a280        0x4 ./ra/fsp/src/bsp/mcu/ra6m5/bsp_linker.o
                0x0100a284                        __option_setting_ofs1_sel_reg$$Limit = .

.eh_frame       0x0100a284        0x0
 .eh_frame      0x0100a284        0x0 D:/Program Files (x86)/Arm GNU Toolchain arm-none-eabi/14.3 rel1/bin/../lib/gcc/arm-none-eabi/14.3.1/thumb/v8-m.main+fp/hard/crtbegin.o

.rel.dyn        0x0100a284        0x0
 .rel.iplt      0x0100a284        0x0 D:/Program Files (x86)/Arm GNU Toolchain arm-none-eabi/14.3 rel1/bin/../lib/gcc/arm-none-eabi/14.3.1/thumb/v8-m.main+fp/hard/crtbegin.o

.option_setting_ofs1_sel.endof
                0x0100a284        0x0
                0x0100a284                        __ddsc_OPTION_SETTING_OFS1_SEL_END = .

.option_setting_banksel_sel.startof
                0x0100a290        0x0
                0x0100a290                        __ddsc_OPTION_SETTING_BANKSEL_SEL_START = .

__option_setting_banksel_sel_reg$$
                0x0100a290        0x0
                0x0100a290                        __option_setting_banksel_sel_reg$$Base = .
 *(.option_setting_banksel_sel)
                0x0100a290                        __option_setting_banksel_sel_reg$$Limit = .

.option_setting_banksel_sel.endof
                0x0100a290        0x0
                0x0100a290                        __ddsc_OPTION_SETTING_BANKSEL_SEL_END = .

.option_setting_bps_sel.startof
                0x0100a2c0        0x0
                0x0100a2c0                        __ddsc_OPTION_SETTING_BPS_SEL_START = .

__option_setting_bps_sel_reg$$
                0x0100a2c0        0x0
                0x0100a2c0                        __option_setting_bps_sel_reg$$Base = .
 *(.option_setting_bps_sel)
                0x0100a2c0                        __option_setting_bps_sel_reg$$Limit = .

.option_setting_bps_sel.endof
                0x0100a2c0        0x0
                0x0100a2c0                        __ddsc_OPTION_SETTING_BPS_SEL_END = .
OUTPUT(ra1.elf elf32-littlearm)
LOAD linker stubs

.ARM.attributes
                0x00000000       0x36
 .ARM.attributes
                0x00000000       0x26 D:/Program Files (x86)/Arm GNU Toolchain arm-none-eabi/14.3 rel1/bin/../lib/gcc/arm-none-eabi/14.3.1/thumb/v8-m.main+fp/hard/crti.o
 .ARM.attributes
                0x00000026       0x38 D:/Program Files (x86)/Arm GNU Toolchain arm-none-eabi/14.3 rel1/bin/../lib/gcc/arm-none-eabi/14.3.1/thumb/v8-m.main+fp/hard/crtbegin.o
 .ARM.attributes
                0x0000005e       0x3a ./src/OLED.o
 .ARM.attributes
                0x00000098       0x3a ./src/SEGGER_RTT.o
 .ARM.attributes
                0x000000d2       0x3a ./src/SEGGER_RTT_printf.o
 .ARM.attributes
                0x0000010c       0x3a ./src/dmx_tof400c.o
 .ARM.attributes
                0x00000146       0x3a ./src/hal_entry.o
 .ARM.attributes
                0x00000180       0x3a ./src/mk_i2c.o
 .ARM.attributes
                0x000001ba       0x3a ./src/mk_pinctrl.o
 .ARM.attributes
                0x000001f4       0x3a ./src/mk_rtt.o
 .ARM.attributes
                0x0000022e       0x3a ./src/mpu6050.o
 .ARM.attributes
                0x00000268       0x3a ./ra_gen/common_data.o
 .ARM.attributes
                0x000002a2       0x3a ./ra_gen/hal_data.o
 .ARM.attributes
                0x000002dc       0x3a ./ra_gen/main.o
 .ARM.attributes
                0x00000316       0x3a ./ra_gen/pin_data.o
 .ARM.attributes
                0x00000350       0x3a ./ra_gen/vector_data.o
 .ARM.attributes
                0x0000038a       0x3a ./ra/fsp/src/r_sci_uart/r_sci_uart.o
 .ARM.attributes
                0x000003c4       0x3a ./ra/fsp/src/r_ioport/r_ioport.o
 .ARM.attributes
                0x000003fe       0x3a ./ra/fsp/src/r_icu/r_icu.o
 .ARM.attributes
                0x00000438       0x3a ./ra/fsp/src/r_gpt/r_gpt.o
 .ARM.attributes
                0x00000472       0x3a ./ra/fsp/src/r_adc/r_adc.o
 .ARM.attributes
                0x000004ac       0x3a ./ra/fsp/src/bsp/mcu/ra6m5/bsp_linker.o
 .ARM.attributes
                0x000004e6       0x3a ./ra/fsp/src/bsp/mcu/all/bsp_clocks.o
 .ARM.attributes
                0x00000520       0x3a ./ra/fsp/src/bsp/mcu/all/bsp_common.o
 .ARM.attributes
                0x0000055a       0x3a ./ra/fsp/src/bsp/mcu/all/bsp_delay.o
 .ARM.attributes
                0x00000594       0x3a ./ra/fsp/src/bsp/mcu/all/bsp_group_irq.o
 .ARM.attributes
                0x000005ce       0x3a ./ra/fsp/src/bsp/mcu/all/bsp_io.o
 .ARM.attributes
                0x00000608       0x3a ./ra/fsp/src/bsp/mcu/all/bsp_irq.o
 .ARM.attributes
                0x00000642       0x3a ./ra/fsp/src/bsp/mcu/all/bsp_register_protection.o
 .ARM.attributes
                0x0000067c       0x3a ./ra/fsp/src/bsp/mcu/all/bsp_sbrk.o
 .ARM.attributes
                0x000006b6       0x3a ./ra/fsp/src/bsp/cmsis/Device/RENESAS/Source/startup.o
 .ARM.attributes
                0x000006f0       0x3a ./ra/fsp/src/bsp/cmsis/Device/RENESAS/Source/system.o
 .ARM.attributes
                0x0000072a       0x26 D:/Program Files (x86)/Arm GNU Toolchain arm-none-eabi/14.3 rel1/bin/../lib/gcc/arm-none-eabi/14.3.1/thumb/v8-m.main+fp/hard\libgcc.a(_arm_addsubdf3.o)
 .ARM.attributes
                0x00000750       0x26 D:/Program Files (x86)/Arm GNU Toolchain arm-none-eabi/14.3 rel1/bin/../lib/gcc/arm-none-eabi/14.3.1/thumb/v8-m.main+fp/hard\libgcc.a(_arm_muldivdf3.o)
 .ARM.attributes
                0x00000776       0x26 D:/Program Files (x86)/Arm GNU Toolchain arm-none-eabi/14.3 rel1/bin/../lib/gcc/arm-none-eabi/14.3.1/thumb/v8-m.main+fp/hard\libgcc.a(_arm_fixunsdfsi.o)
 .ARM.attributes
                0x0000079c       0x26 D:/Program Files (x86)/Arm GNU Toolchain arm-none-eabi/14.3 rel1/bin/../lib/gcc/arm-none-eabi/14.3.1/thumb/v8-m.main+fp/hard\libgcc.a(_arm_truncdfsf2.o)
 .ARM.attributes
                0x000007c2       0x38 D:/Program Files (x86)/Arm GNU Toolchain arm-none-eabi/14.3 rel1/bin/../lib/gcc/arm-none-eabi/14.3.1/../../../../arm-none-eabi/lib/thumb/v8-m.main+fp/hard\libg_nano.a(libc_a-findfp.o)
 .ARM.attributes
                0x000007fa       0x38 D:/Program Files (x86)/Arm GNU Toolchain arm-none-eabi/14.3 rel1/bin/../lib/gcc/arm-none-eabi/14.3.1/../../../../arm-none-eabi/lib/thumb/v8-m.main+fp/hard\libg_nano.a(libc_a-vsnprintf.o)
 .ARM.attributes
                0x00000832       0x38 D:/Program Files (x86)/Arm GNU Toolchain arm-none-eabi/14.3 rel1/bin/../lib/gcc/arm-none-eabi/14.3.1/../../../../arm-none-eabi/lib/thumb/v8-m.main+fp/hard\libg_nano.a(libc_a-memset.o)
 .ARM.attributes
                0x0000086a       0x38 D:/Program Files (x86)/Arm GNU Toolchain arm-none-eabi/14.3 rel1/bin/../lib/gcc/arm-none-eabi/14.3.1/../../../../arm-none-eabi/lib/thumb/v8-m.main+fp/hard\libg_nano.a(libc_a-reent.o)
 .ARM.attributes
                0x000008a2       0x38 D:/Program Files (x86)/Arm GNU Toolchain arm-none-eabi/14.3 rel1/bin/../lib/gcc/arm-none-eabi/14.3.1/../../../../arm-none-eabi/lib/thumb/v8-m.main+fp/hard\libg_nano.a(libc_a-impure.o)
 .ARM.attributes
                0x000008da       0x38 D:/Program Files (x86)/Arm GNU Toolchain arm-none-eabi/14.3 rel1/bin/../lib/gcc/arm-none-eabi/14.3.1/../../../../arm-none-eabi/lib/thumb/v8-m.main+fp/hard\libg_nano.a(libc_a-errno.o)
 .ARM.attributes
                0x00000912       0x38 D:/Program Files (x86)/Arm GNU Toolchain arm-none-eabi/14.3 rel1/bin/../lib/gcc/arm-none-eabi/14.3.1/../../../../arm-none-eabi/lib/thumb/v8-m.main+fp/hard\libg_nano.a(libc_a-lock.o)
 .ARM.attributes
                0x0000094a       0x24 D:/Program Files (x86)/Arm GNU Toolchain arm-none-eabi/14.3 rel1/bin/../lib/gcc/arm-none-eabi/14.3.1/../../../../arm-none-eabi/lib/thumb/v8-m.main+fp/hard\libg_nano.a(libc_a-strcmp.o)
 .ARM.attributes
                0x0000096e       0x38 D:/Program Files (x86)/Arm GNU Toolchain arm-none-eabi/14.3 rel1/bin/../lib/gcc/arm-none-eabi/14.3.1/../../../../arm-none-eabi/lib/thumb/v8-m.main+fp/hard\libg_nano.a(libc_a-memcpy-stub.o)
 .ARM.attributes
                0x000009a6       0x38 D:/Program Files (x86)/Arm GNU Toolchain arm-none-eabi/14.3 rel1/bin/../lib/gcc/arm-none-eabi/14.3.1/../../../../arm-none-eabi/lib/thumb/v8-m.main+fp/hard\libg_nano.a(libc_a-freer.o)
 .ARM.attributes
                0x000009de       0x38 D:/Program Files (x86)/Arm GNU Toolchain arm-none-eabi/14.3 rel1/bin/../lib/gcc/arm-none-eabi/14.3.1/../../../../arm-none-eabi/lib/thumb/v8-m.main+fp/hard\libg_nano.a(libc_a-mallocr.o)
 .ARM.attributes
                0x00000a16       0x38 D:/Program Files (x86)/Arm GNU Toolchain arm-none-eabi/14.3 rel1/bin/../lib/gcc/arm-none-eabi/14.3.1/../../../../arm-none-eabi/lib/thumb/v8-m.main+fp/hard\libg_nano.a(libc_a-mlock.o)
 .ARM.attributes
                0x00000a4e       0x38 D:/Program Files (x86)/Arm GNU Toolchain arm-none-eabi/14.3 rel1/bin/../lib/gcc/arm-none-eabi/14.3.1/../../../../arm-none-eabi/lib/thumb/v8-m.main+fp/hard\libg_nano.a(libc_a-nano-svfprintf.o)
 .ARM.attributes
                0x00000a86       0x38 D:/Program Files (x86)/Arm GNU Toolchain arm-none-eabi/14.3 rel1/bin/../lib/gcc/arm-none-eabi/14.3.1/../../../../arm-none-eabi/lib/thumb/v8-m.main+fp/hard\libg_nano.a(libc_a-nano-vfprintf_i.o)
 .ARM.attributes
                0x00000abe       0x38 D:/Program Files (x86)/Arm GNU Toolchain arm-none-eabi/14.3 rel1/bin/../lib/gcc/arm-none-eabi/14.3.1/../../../../arm-none-eabi/lib/thumb/v8-m.main+fp/hard\libg_nano.a(libc_a-memmove.o)
 .ARM.attributes
                0x00000af6       0x38 D:/Program Files (x86)/Arm GNU Toolchain arm-none-eabi/14.3 rel1/bin/../lib/gcc/arm-none-eabi/14.3.1/../../../../arm-none-eabi/lib/thumb/v8-m.main+fp/hard\libg_nano.a(libc_a-sbrkr.o)
 .ARM.attributes
                0x00000b2e       0x38 D:/Program Files (x86)/Arm GNU Toolchain arm-none-eabi/14.3 rel1/bin/../lib/gcc/arm-none-eabi/14.3.1/../../../../arm-none-eabi/lib/thumb/v8-m.main+fp/hard\libg_nano.a(libc_a-memchr-stub.o)
 .ARM.attributes
                0x00000b66       0x38 D:/Program Files (x86)/Arm GNU Toolchain arm-none-eabi/14.3 rel1/bin/../lib/gcc/arm-none-eabi/14.3.1/../../../../arm-none-eabi/lib/thumb/v8-m.main+fp/hard\libg_nano.a(libc_a-reallocr.o)
 .ARM.attributes
                0x00000b9e       0x38 D:/Program Files (x86)/Arm GNU Toolchain arm-none-eabi/14.3 rel1/bin/../lib/gcc/arm-none-eabi/14.3.1/../../../../arm-none-eabi/lib/thumb/v8-m.main+fp/hard\libg_nano.a(libc_a-msizer.o)
 .ARM.attributes
                0x00000bd6       0x38 D:/Program Files (x86)/Arm GNU Toolchain arm-none-eabi/14.3 rel1/bin/../lib/gcc/arm-none-eabi/14.3.1/thumb/v8-m.main+fp/hard/crtend.o

.comment        0x00000000       0x46
 .comment       0x00000000       0x46 ./src/OLED.o
                                 0x47 (size before relaxing)
 .comment       0x00000046       0x47 ./src/SEGGER_RTT.o
 .comment       0x00000046       0x47 ./src/SEGGER_RTT_printf.o
 .comment       0x00000046       0x47 ./src/dmx_tof400c.o
 .comment       0x00000046       0x47 ./src/hal_entry.o
 .comment       0x00000046       0x47 ./src/mk_i2c.o
 .comment       0x00000046       0x47 ./src/mk_pinctrl.o
 .comment       0x00000046       0x47 ./src/mk_rtt.o
 .comment       0x00000046       0x47 ./src/mpu6050.o
 .comment       0x00000046       0x47 ./ra_gen/common_data.o
 .comment       0x00000046       0x47 ./ra_gen/hal_data.o
 .comment       0x00000046       0x47 ./ra_gen/main.o
 .comment       0x00000046       0x47 ./ra_gen/pin_data.o
 .comment       0x00000046       0x47 ./ra_gen/vector_data.o
 .comment       0x00000046       0x47 ./ra/fsp/src/r_sci_uart/r_sci_uart.o
 .comment       0x00000046       0x47 ./ra/fsp/src/r_ioport/r_ioport.o
 .comment       0x00000046       0x47 ./ra/fsp/src/r_icu/r_icu.o
 .comment       0x00000046       0x47 ./ra/fsp/src/r_gpt/r_gpt.o
 .comment       0x00000046       0x47 ./ra/fsp/src/r_adc/r_adc.o
 .comment       0x00000046       0x47 ./ra/fsp/src/bsp/mcu/ra6m5/bsp_linker.o
 .comment       0x00000046       0x47 ./ra/fsp/src/bsp/mcu/all/bsp_clocks.o
 .comment       0x00000046       0x47 ./ra/fsp/src/bsp/mcu/all/bsp_common.o
 .comment       0x00000046       0x47 ./ra/fsp/src/bsp/mcu/all/bsp_delay.o
 .comment       0x00000046       0x47 ./ra/fsp/src/bsp/mcu/all/bsp_group_irq.o
 .comment       0x00000046       0x47 ./ra/fsp/src/bsp/mcu/all/bsp_io.o
 .comment       0x00000046       0x47 ./ra/fsp/src/bsp/mcu/all/bsp_irq.o
 .comment       0x00000046       0x47 ./ra/fsp/src/bsp/mcu/all/bsp_register_protection.o
 .comment       0x00000046       0x47 ./ra/fsp/src/bsp/mcu/all/bsp_sbrk.o
 .comment       0x00000046       0x47 ./ra/fsp/src/bsp/cmsis/Device/RENESAS/Source/startup.o
 .comment       0x00000046       0x47 ./ra/fsp/src/bsp/cmsis/Device/RENESAS/Source/system.o

.debug_info     0x00000000    0x5b679
 .debug_info    0x00000000     0x36d2 ./src/OLED.o
 .debug_info    0x000036d2     0x21b8 ./src/SEGGER_RTT.o
 .debug_info    0x0000588a      0xa1a ./src/SEGGER_RTT_printf.o
 .debug_info    0x000062a4     0x14aa ./src/dmx_tof400c.o
 .debug_info    0x0000774e     0x21c6 ./src/hal_entry.o
 .debug_info    0x00009914     0x1c8c ./src/mk_i2c.o
 .debug_info    0x0000b5a0     0x7361 ./src/mk_pinctrl.o
 .debug_info    0x00012901     0x3899 ./src/mk_rtt.o
 .debug_info    0x0001619a     0x1354 ./src/mpu6050.o
 .debug_info    0x000174ee     0x16bf ./ra_gen/common_data.o
 .debug_info    0x00018bad     0xa6c0 ./ra_gen/hal_data.o
 .debug_info    0x0002326d       0xb1 ./ra_gen/main.o
 .debug_info    0x0002331e      0xa31 ./ra_gen/pin_data.o
 .debug_info    0x00023d4f      0x8bf ./ra_gen/vector_data.o
 .debug_info    0x0002460e     0xa085 ./ra/fsp/src/r_sci_uart/r_sci_uart.o
 .debug_info    0x0002e693     0x76e2 ./ra/fsp/src/r_ioport/r_ioport.o
 .debug_info    0x00035d75     0x1de3 ./ra/fsp/src/r_icu/r_icu.o
 .debug_info    0x00037b58     0xa3e1 ./ra/fsp/src/r_gpt/r_gpt.o
 .debug_info    0x00041f39     0xadcd ./ra/fsp/src/r_adc/r_adc.o
 .debug_info    0x0004cd06      0x4e0 ./ra/fsp/src/bsp/mcu/ra6m5/bsp_linker.o
 .debug_info    0x0004d1e6     0x57de ./ra/fsp/src/bsp/mcu/all/bsp_clocks.o
 .debug_info    0x000529c4      0x954 ./ra/fsp/src/bsp/mcu/all/bsp_common.o
 .debug_info    0x00053318      0x204 ./ra/fsp/src/bsp/mcu/all/bsp_delay.o
 .debug_info    0x0005351c     0x1348 ./ra/fsp/src/bsp/mcu/all/bsp_group_irq.o
 .debug_info    0x00054864       0xb2 ./ra/fsp/src/bsp/mcu/all/bsp_io.o
 .debug_info    0x00054916     0x1ffb ./ra/fsp/src/bsp/mcu/all/bsp_irq.o
 .debug_info    0x00056911     0x390c ./ra/fsp/src/bsp/mcu/all/bsp_register_protection.o
 .debug_info    0x0005a21d       0xd8 ./ra/fsp/src/bsp/mcu/all/bsp_sbrk.o
 .debug_info    0x0005a2f5      0x187 ./ra/fsp/src/bsp/cmsis/Device/RENESAS/Source/startup.o
 .debug_info    0x0005a47c     0x11fd ./ra/fsp/src/bsp/cmsis/Device/RENESAS/Source/system.o

.debug_abbrev   0x00000000     0x577e
 .debug_abbrev  0x00000000      0x3f8 ./src/OLED.o
 .debug_abbrev  0x000003f8      0x37d ./src/SEGGER_RTT.o
 .debug_abbrev  0x00000775      0x2b8 ./src/SEGGER_RTT_printf.o
 .debug_abbrev  0x00000a2d      0x35e ./src/dmx_tof400c.o
 .debug_abbrev  0x00000d8b      0x3fc ./src/hal_entry.o
 .debug_abbrev  0x00001187      0x2e2 ./src/mk_i2c.o
 .debug_abbrev  0x00001469      0x4a1 ./src/mk_pinctrl.o
 .debug_abbrev  0x0000190a      0x4cb ./src/mk_rtt.o
 .debug_abbrev  0x00001dd5      0x29f ./src/mpu6050.o
 .debug_abbrev  0x00002074      0x178 ./ra_gen/common_data.o
 .debug_abbrev  0x000021ec      0x333 ./ra_gen/hal_data.o
 .debug_abbrev  0x0000251f       0x61 ./ra_gen/main.o
 .debug_abbrev  0x00002580       0xff ./ra_gen/pin_data.o
 .debug_abbrev  0x0000267f       0xbe ./ra_gen/vector_data.o
 .debug_abbrev  0x0000273d      0x650 ./ra/fsp/src/r_sci_uart/r_sci_uart.o
 .debug_abbrev  0x00002d8d      0x4c7 ./ra/fsp/src/r_ioport/r_ioport.o
 .debug_abbrev  0x00003254      0x496 ./ra/fsp/src/r_icu/r_icu.o
 .debug_abbrev  0x000036ea      0x641 ./ra/fsp/src/r_gpt/r_gpt.o
 .debug_abbrev  0x00003d2b      0x5ef ./ra/fsp/src/r_adc/r_adc.o
 .debug_abbrev  0x0000431a       0xe3 ./ra/fsp/src/bsp/mcu/ra6m5/bsp_linker.o
 .debug_abbrev  0x000043fd      0x401 ./ra/fsp/src/bsp/mcu/all/bsp_clocks.o
 .debug_abbrev  0x000047fe      0x188 ./ra/fsp/src/bsp/mcu/all/bsp_common.o
 .debug_abbrev  0x00004986      0x10d ./ra/fsp/src/bsp/mcu/all/bsp_delay.o
 .debug_abbrev  0x00004a93      0x25c ./ra/fsp/src/bsp/mcu/all/bsp_group_irq.o
 .debug_abbrev  0x00004cef       0x5e ./ra/fsp/src/bsp/mcu/all/bsp_io.o
 .debug_abbrev  0x00004d4d      0x2a1 ./ra/fsp/src/bsp/mcu/all/bsp_irq.o
 .debug_abbrev  0x00004fee      0x283 ./ra/fsp/src/bsp/mcu/all/bsp_register_protection.o
 .debug_abbrev  0x00005271       0x90 ./ra/fsp/src/bsp/mcu/all/bsp_sbrk.o
 .debug_abbrev  0x00005301      0x102 ./ra/fsp/src/bsp/cmsis/Device/RENESAS/Source/startup.o
 .debug_abbrev  0x00005403      0x37b ./ra/fsp/src/bsp/cmsis/Device/RENESAS/Source/system.o

.debug_loclists
                0x00000000     0x9840
 .debug_loclists
                0x00000000      0xc38 ./src/OLED.o
 .debug_loclists
                0x00000c38     0x1cd1 ./src/SEGGER_RTT.o
 .debug_loclists
                0x00002909     0x143c ./src/SEGGER_RTT_printf.o
 .debug_loclists
                0x00003d45      0x417 ./src/dmx_tof400c.o
 .debug_loclists
                0x0000415c      0x17c ./src/hal_entry.o
 .debug_loclists
                0x000042d8      0xbab ./src/mk_i2c.o
 .debug_loclists
                0x00004e83      0x36b ./src/mk_pinctrl.o
 .debug_loclists
                0x000051ee      0x256 ./src/mk_rtt.o
 .debug_loclists
                0x00005444      0xc7d ./src/mpu6050.o
 .debug_loclists
                0x000060c1      0xe10 ./ra/fsp/src/r_sci_uart/r_sci_uart.o
 .debug_loclists
                0x00006ed1      0x7c8 ./ra/fsp/src/r_ioport/r_ioport.o
 .debug_loclists
                0x00007699      0x309 ./ra/fsp/src/r_icu/r_icu.o
 .debug_loclists
                0x000079a2      0xb14 ./ra/fsp/src/r_gpt/r_gpt.o
 .debug_loclists
                0x000084b6      0xc63 ./ra/fsp/src/r_adc/r_adc.o
 .debug_loclists
                0x00009119      0x2e9 ./ra/fsp/src/bsp/mcu/all/bsp_clocks.o
 .debug_loclists
                0x00009402       0x20 ./ra/fsp/src/bsp/mcu/all/bsp_common.o
 .debug_loclists
                0x00009422      0x1a5 ./ra/fsp/src/bsp/mcu/all/bsp_delay.o
 .debug_loclists
                0x000095c7       0x73 ./ra/fsp/src/bsp/mcu/all/bsp_group_irq.o
 .debug_loclists
                0x0000963a       0x99 ./ra/fsp/src/bsp/mcu/all/bsp_irq.o
 .debug_loclists
                0x000096d3       0xa7 ./ra/fsp/src/bsp/mcu/all/bsp_register_protection.o
 .debug_loclists
                0x0000977a       0x29 ./ra/fsp/src/bsp/mcu/all/bsp_sbrk.o
 .debug_loclists
                0x000097a3       0x9d ./ra/fsp/src/bsp/cmsis/Device/RENESAS/Source/system.o

.debug_aranges  0x00000000      0xaf0
 .debug_aranges
                0x00000000       0xc0 ./src/OLED.o
 .debug_aranges
                0x000000c0      0x128 ./src/SEGGER_RTT.o
 .debug_aranges
                0x000001e8       0x38 ./src/SEGGER_RTT_printf.o
 .debug_aranges
                0x00000220       0x50 ./src/dmx_tof400c.o
 .debug_aranges
                0x00000270       0x88 ./src/hal_entry.o
 .debug_aranges
                0x000002f8       0x98 ./src/mk_i2c.o
 .debug_aranges
                0x00000390       0xa8 ./src/mk_pinctrl.o
 .debug_aranges
                0x00000438       0x90 ./src/mk_rtt.o
 .debug_aranges
                0x000004c8       0xa8 ./src/mpu6050.o
 .debug_aranges
                0x00000570       0x20 ./ra_gen/common_data.o
 .debug_aranges
                0x00000590       0x20 ./ra_gen/hal_data.o
 .debug_aranges
                0x000005b0       0x20 ./ra_gen/main.o
 .debug_aranges
                0x000005d0       0x18 ./ra_gen/pin_data.o
 .debug_aranges
                0x000005e8       0x18 ./ra_gen/vector_data.o
 .debug_aranges
                0x00000600       0xa0 ./ra/fsp/src/r_sci_uart/r_sci_uart.o
 .debug_aranges
                0x000006a0       0x90 ./ra/fsp/src/r_ioport/r_ioport.o
 .debug_aranges
                0x00000730       0x48 ./ra/fsp/src/r_icu/r_icu.o
 .debug_aranges
                0x00000778       0xe0 ./ra/fsp/src/r_gpt/r_gpt.o
 .debug_aranges
                0x00000858       0xb8 ./ra/fsp/src/r_adc/r_adc.o
 .debug_aranges
                0x00000910       0x18 ./ra/fsp/src/bsp/mcu/ra6m5/bsp_linker.o
 .debug_aranges
                0x00000928       0x70 ./ra/fsp/src/bsp/mcu/all/bsp_clocks.o
 .debug_aranges
                0x00000998       0x30 ./ra/fsp/src/bsp/mcu/all/bsp_common.o
 .debug_aranges
                0x000009c8       0x28 ./ra/fsp/src/bsp/mcu/all/bsp_delay.o
 .debug_aranges
                0x000009f0       0x28 ./ra/fsp/src/bsp/mcu/all/bsp_group_irq.o
 .debug_aranges
                0x00000a18       0x18 ./ra/fsp/src/bsp/mcu/all/bsp_io.o
 .debug_aranges
                0x00000a30       0x20 ./ra/fsp/src/bsp/mcu/all/bsp_irq.o
 .debug_aranges
                0x00000a50       0x28 ./ra/fsp/src/bsp/mcu/all/bsp_register_protection.o
 .debug_aranges
                0x00000a78       0x20 ./ra/fsp/src/bsp/mcu/all/bsp_sbrk.o
 .debug_aranges
                0x00000a98       0x28 ./ra/fsp/src/bsp/cmsis/Device/RENESAS/Source/startup.o
 .debug_aranges
                0x00000ac0       0x30 ./ra/fsp/src/bsp/cmsis/Device/RENESAS/Source/system.o

.debug_rnglists
                0x00000000     0x1477
 .debug_rnglists
                0x00000000      0x169 ./src/OLED.o
 .debug_rnglists
                0x00000169      0x2c9 ./src/SEGGER_RTT.o
 .debug_rnglists
                0x00000432      0x11a ./src/SEGGER_RTT_printf.o
 .debug_rnglists
                0x0000054c       0x9f ./src/dmx_tof400c.o
 .debug_rnglists
                0x000005eb       0xe6 ./src/hal_entry.o
 .debug_rnglists
                0x000006d1      0x16b ./src/mk_i2c.o
 .debug_rnglists
                0x0000083c       0xa3 ./src/mk_pinctrl.o
 .debug_rnglists
                0x000008df       0xd7 ./src/mk_rtt.o
 .debug_rnglists
                0x000009b6       0xad ./src/mpu6050.o
 .debug_rnglists
                0x00000a63       0x13 ./ra_gen/common_data.o
 .debug_rnglists
                0x00000a76       0x13 ./ra_gen/hal_data.o
 .debug_rnglists
                0x00000a89       0x13 ./ra_gen/main.o
 .debug_rnglists
                0x00000a9c      0x256 ./ra/fsp/src/r_sci_uart/r_sci_uart.o
 .debug_rnglists
                0x00000cf2       0xbc ./ra/fsp/src/r_ioport/r_ioport.o
 .debug_rnglists
                0x00000dae       0x89 ./ra/fsp/src/r_icu/r_icu.o
 .debug_rnglists
                0x00000e37      0x1d6 ./ra/fsp/src/r_gpt/r_gpt.o
 .debug_rnglists
                0x0000100d      0x212 ./ra/fsp/src/r_adc/r_adc.o
 .debug_rnglists
                0x0000121f       0xf4 ./ra/fsp/src/bsp/mcu/all/bsp_clocks.o
 .debug_rnglists
                0x00001313       0x1f ./ra/fsp/src/bsp/mcu/all/bsp_common.o
 .debug_rnglists
                0x00001332       0x35 ./ra/fsp/src/bsp/mcu/all/bsp_delay.o
 .debug_rnglists
                0x00001367       0x37 ./ra/fsp/src/bsp/mcu/all/bsp_group_irq.o
 .debug_rnglists
                0x0000139e       0x41 ./ra/fsp/src/bsp/mcu/all/bsp_irq.o
 .debug_rnglists
                0x000013df       0x31 ./ra/fsp/src/bsp/mcu/all/bsp_register_protection.o
 .debug_rnglists
                0x00001410       0x13 ./ra/fsp/src/bsp/mcu/all/bsp_sbrk.o
 .debug_rnglists
                0x00001423       0x19 ./ra/fsp/src/bsp/cmsis/Device/RENESAS/Source/startup.o
 .debug_rnglists
                0x0000143c       0x3b ./ra/fsp/src/bsp/cmsis/Device/RENESAS/Source/system.o

.debug_line     0x00000000     0xea1f
 .debug_line    0x00000000      0xf1f ./src/OLED.o
 .debug_line    0x00000f1f     0x1724 ./src/SEGGER_RTT.o
 .debug_line    0x00002643      0xbf2 ./src/SEGGER_RTT_printf.o
 .debug_line    0x00003235      0x5ac ./src/dmx_tof400c.o
 .debug_line    0x000037e1      0xc40 ./src/hal_entry.o
 .debug_line    0x00004421      0xb11 ./src/mk_i2c.o
 .debug_line    0x00004f32      0x88f ./src/mk_pinctrl.o
 .debug_line    0x000057c1      0x9b6 ./src/mk_rtt.o
 .debug_line    0x00006177      0x79f ./src/mpu6050.o
 .debug_line    0x00006916      0x2ba ./ra_gen/common_data.o
 .debug_line    0x00006bd0      0x355 ./ra_gen/hal_data.o
 .debug_line    0x00006f25       0x5e ./ra_gen/main.o
 .debug_line    0x00006f83      0x1f8 ./ra_gen/pin_data.o